Component: ARM Compiler 5.06 update 6 (build 750) Tool: armlink [4d35ed]

==============================================================================

Section Cross References

    startup_stm32f4xx.o(STACK) refers (Special) to heapauxi.o(.text) for __use_two_region_memory
    startup_stm32f4xx.o(HEAP) refers (Special) to heapauxi.o(.text) for __use_two_region_memory
    startup_stm32f4xx.o(RESET) refers (Special) to heapauxi.o(.text) for __use_two_region_memory
    startup_stm32f4xx.o(RESET) refers to startup_stm32f4xx.o(STACK) for __initial_sp
    startup_stm32f4xx.o(RESET) refers to startup_stm32f4xx.o(.text) for Reset_Handler
    startup_stm32f4xx.o(RESET) refers to stm32f4xx_it.o(.text) for NMI_Handler
    startup_stm32f4xx.o(RESET) refers to port.o(.emb_text) for SVC_Handler
    startup_stm32f4xx.o(RESET) refers to port.o(.text) for SysTick_Handler
    startup_stm32f4xx.o(RESET) refers to main.o(.text) for TIM2_IRQHandler
    startup_stm32f4xx.o(.text) refers (Special) to heapauxi.o(.text) for __use_two_region_memory
    startup_stm32f4xx.o(.text) refers to system_stm32f4xx.o(.text) for SystemInit
    startup_stm32f4xx.o(.text) refers to __main.o(!!!main) for __main
    startup_stm32f4xx.o(.text) refers to startup_stm32f4xx.o(HEAP) for Heap_Mem
    startup_stm32f4xx.o(.text) refers to startup_stm32f4xx.o(STACK) for Stack_Mem
    system_stm32f4xx.o(.text) refers to system_stm32f4xx.o(.data) for SystemCoreClock
    main.o(.text) refers to system_stm32f4xx.o(.text) for SystemInit
    main.o(.text) refers to stm32f4xx_rcc.o(.text) for RCC_AHB1PeriphClockCmd
    main.o(.text) refers to stm32f4xx_gpio.o(.text) for GPIO_Init
    main.o(.text) refers to codec.o(.text) for codec_init
    main.o(.text) refers to stm32f4xx_spi.o(.text) for I2S_Cmd
    main.o(.text) refers to stm32f4xx_tim.o(.text) for TIM_TimeBaseInit
    main.o(.text) refers to misc.o(.text) for NVIC_Init
    main.o(.text) refers to discoveryf4utils.o(.text) for STM_EVAL_LEDOff
    main.o(.text) refers to tasks.o(.text) for vTaskDelay
    main.o(.text) refers to main.o(.data) for GPIO_InitStructure
    main.o(.text) refers to main.o(.bss) for filt
    main.o(.text) refers to queue.o(.text) for xQueueGenericReceive
    main.o(.text) refers to h1_alloc.o(.text) for malloc
    main.o(.text) refers to daddsub_clz.o(x$fpl$dadd) for __aeabi_dadd
    main.o(.text) refers to drleqf.o(x$fpl$drleqf) for __aeabi_cdrcmple
    main.o(.text) refers to daddsub_clz.o(x$fpl$dsub) for __aeabi_dsub
    main.o(.text) refers to d2f.o(x$fpl$d2f) for __aeabi_d2f
    main.o(.text) refers to f2d.o(x$fpl$f2d) for __aeabi_f2d
    main.o(.text) refers to dmul.o(x$fpl$dmul) for __aeabi_dmul
    main.o(.text) refers to dfix.o(x$fpl$dfix) for __aeabi_d2iz
    main.o(.text) refers to main.o(.constdata) for seafood_t
    discoveryf4utils.o(.text) refers to stm32f4xx_rcc.o(.text) for RCC_AHB1PeriphClockCmd
    discoveryf4utils.o(.text) refers to stm32f4xx_gpio.o(.text) for GPIO_Init
    discoveryf4utils.o(.text) refers to stm32f4xx_syscfg.o(.text) for SYSCFG_EXTILineConfig
    discoveryf4utils.o(.text) refers to stm32f4xx_exti.o(.text) for EXTI_Init
    discoveryf4utils.o(.text) refers to misc.o(.text) for NVIC_Init
    discoveryf4utils.o(.text) refers to stm32f4xx_usart.o(.text) for USART_Init
    discoveryf4utils.o(.text) refers to discoveryf4utils.o(.constdata) for GPIO_CLK
    discoveryf4utils.o(.text) refers to discoveryf4utils.o(.data) for GPIO_PORT
    codec.o(.text) refers to stm32f4xx_gpio.o(.text) for GPIO_StructInit
    codec.o(.text) refers to stm32f4xx_rcc.o(.text) for RCC_AHB1PeriphClockCmd
    codec.o(.text) refers to stm32f4xx_spi.o(.text) for SPI_I2S_DeInit
    codec.o(.text) refers to stm32f4xx_i2c.o(.text) for I2C_DeInit
    codec.o(.text) refers to codec.o(.bss) for I2S_InitType
    croutine.o(.text) refers to list.o(.text) for vListInitialise
    croutine.o(.text) refers to heap_2.o(.text) for pvPortMalloc
    croutine.o(.text) refers to port.o(.emb_text) for ulPortSetInterruptMask
    croutine.o(.text) refers to tasks.o(.text) for xTaskGetTickCount
    croutine.o(.text) refers to croutine.o(.bss) for pxReadyCoRoutineLists
    croutine.o(.text) refers to croutine.o(.data) for pxDelayedCoRoutineList
    event_groups.o(.text) refers to heap_2.o(.text) for pvPortMalloc
    event_groups.o(.text) refers to list.o(.text) for vListInitialise
    event_groups.o(.text) refers to port.o(.emb_text) for ulPortSetInterruptMask
    event_groups.o(.text) refers to tasks.o(.text) for vTaskSuspendAll
    event_groups.o(.text) refers to port.o(.text) for vPortYield
    queue.o(.text) refers to port.o(.emb_text) for ulPortSetInterruptMask
    queue.o(.text) refers to port.o(.text) for vPortEnterCritical
    queue.o(.text) refers to tasks.o(.text) for xTaskRemoveFromEventList
    queue.o(.text) refers to list.o(.text) for vListInitialise
    queue.o(.text) refers to heap_2.o(.text) for pvPortMalloc
[...]
    _mutex_free                               - Undefined Weak Reference
    _mutex_release                            - Undefined Weak Reference
    _rand_init                                - Undefined Weak Reference
    _signal_finish                            - Undefined Weak Reference
    _signal_init                              - Undefined Weak Reference
    _terminateio                              - Undefined Weak Reference
    __Vectors_Size                           0x00000188   Number         0  startup_stm32f4xx.o ABSOLUTE
    __Vectors                                0x08000000   Data           4  startup_stm32f4xx.o(RESET)
    __Vectors_End                            0x08000188   Data           0  startup_stm32f4xx.o(RESET)
    __main                                   0x08000189   Thumb Code     8  __main.o(!!!main)
    __scatterload                            0x08000191   Thumb Code     0  __scatter.o(!!!scatter)
    __scatterload_rt2                        0x08000191   Thumb Code    44  __scatter.o(!!!scatter)
    __scatterload_rt2_thumb_only             0x08000191   Thumb Code     0  __scatter.o(!!!scatter)
    __scatterload_null                       0x0800019f   Thumb Code     0  __scatter.o(!!!scatter)
    __decompress                             0x080001c5   Thumb Code    90  __dczerorl2.o(!!dczerorl2)
    __decompress1                            0x080001c5   Thumb Code     0  __dczerorl2.o(!!dczerorl2)
    __scatterload_zeroinit                   0x08000221   Thumb Code    28  __scatter_zi.o(!!handler_zi)
    __rt_lib_init                            0x0800023d   Thumb Code     0  libinit.o(.ARM.Collect$$libinit$$00000000)
    __rt_lib_init_fp_1                       0x0800023f   Thumb Code     0  libinit2.o(.ARM.Collect$$libinit$$00000001)
    __rt_lib_init_heap_2                     0x08000243   Thumb Code     0  libinit2.o(.ARM.Collect$$libinit$$00000005)
    __rt_lib_init_preinit_1                  0x08000243   Thumb Code     0  libinit2.o(.ARM.Collect$$libinit$$00000004)
    __rt_lib_init_alloca_1                   0x0800024b   Thumb Code     0  libinit2.o(.ARM.Collect$$libinit$$0000002E)
    __rt_lib_init_argv_1                     0x0800024b   Thumb Code     0  libinit2.o(.ARM.Collect$$libinit$$0000002C)
    __rt_lib_init_atexit_1                   0x0800024b   Thumb Code     0  libinit2.o(.ARM.Collect$$libinit$$0000001B)
    __rt_lib_init_clock_1                    0x0800024b   Thumb Code     0  libinit2.o(.ARM.Collect$$libinit$$00000021)
    __rt_lib_init_cpp_1                      0x0800024b   Thumb Code     0  libinit2.o(.ARM.Collect$$libinit$$00000032)
    __rt_lib_init_exceptions_1               0x0800024b   Thumb Code     0  libinit2.o(.ARM.Collect$$libinit$$00000030)
    __rt_lib_init_fp_trap_1                  0x0800024b   Thumb Code     0  libinit2.o(.ARM.Collect$$libinit$$0000001F)
    __rt_lib_init_getenv_1                   0x0800024b   Thumb Code     0  libinit2.o(.ARM.Collect$$libinit$$00000023)
    __rt_lib_init_heap_1                     0x0800024b   Thumb Code     0  libinit2.o(.ARM.Collect$$libinit$$0000000A)
    __rt_lib_init_lc_collate_1               0x0800024b   Thumb Code     0  libinit2.o(.ARM.Collect$$libinit$$00000011)
    __rt_lib_init_lc_ctype_1                 0x0800024b   Thumb Code     0  libinit2.o(.ARM.Collect$$libinit$$00000013)
    __rt_lib_init_lc_monetary_1              0x0800024b   Thumb Code     0  libinit2.o(.ARM.Collect$$libinit$$00000015)
    __rt_lib_init_lc_numeric_1               0x0800024b   Thumb Code     0  libinit2.o(.ARM.Collect$$libinit$$00000017)
    __rt_lib_init_lc_time_1                  0x0800024b   Thumb Code     0  libinit2.o(.ARM.Collect$$libinit$$00000019)
    __rt_lib_init_rand_1                     0x0800024b   Thumb Code     0  libinit2.o(.ARM.Collect$$libinit$$0000000E)
    __rt_lib_init_return                     0x0800024b   Thumb Code     0  libinit2.o(.ARM.Collect$$libinit$$00000033)
    __rt_lib_init_signal_1                   0x0800024b   Thumb Code     0  libinit2.o(.ARM.Collect$$libinit$$0000001D)
    __rt_lib_init_stdio_1                    0x0800024b   Thumb Code     0  libinit2.o(.ARM.Collect$$libinit$$00000025)
    __rt_lib_init_user_alloc_1               0x0800024b   Thumb Code     0  libinit2.o(.ARM.Collect$$libinit$$0000000C)
    __rt_lib_shutdown                        0x0800024d   Thumb Code     0  libshutdown.o(.ARM.Collect$$libshutdown$$00000000)
    __rt_lib_shutdown_cpp_1                  0x0800024f   Thumb Code     0  libshutdown2.o(.ARM.Collect$$libshutdown$$00000002)
    __rt_lib_shutdown_fp_trap_1              0x0800024f   Thumb Code     0  libshutdown2.o(.ARM.Collect$$libshutdown$$00000007)
    __rt_lib_shutdown_heap_1                 0x0800024f   Thumb Code     0  libshutdown2.o(.ARM.Collect$$libshutdown$$0000000F)
    __rt_lib_shutdown_return                 0x0800024f   Thumb Code     0  libshutdown2.o(.ARM.Collect$$libshutdown$$00000010)
    __rt_lib_shutdown_signal_1               0x0800024f   Thumb Code     0  libshutdown2.o(.ARM.Collect$$libshutdown$$0000000A)
    __rt_lib_shutdown_stdio_1                0x0800024f   Thumb Code     0  libshutdown2.o(.ARM.Collect$$libshutdown$$00000004)
    __rt_lib_shutdown_user_alloc_1           0x0800024f   Thumb Code     0  libshutdown2.o(.ARM.Collect$$libshutdown$$0000000C)
    __rt_entry                               0x08000251   Thumb Code     0  __rtentry.o(.ARM.Collect$$rtentry$$00000000)
    __rt_entry_presh_1                       0x08000251   Thumb Code     0  __rtentry2.o(.ARM.Collect$$rtentry$$00000002)
    __rt_entry_sh                            0x08000251   Thumb Code     0  __rtentry4.o(.ARM.Collect$$rtentry$$00000004)
    __rt_entry_li                            0x08000257   Thumb Code     0  __rtentry2.o(.ARM.Collect$$rtentry$$0000000A)
    __rt_entry_postsh_1                      0x08000257   Thumb Code     0  __rtentry2.o(.ARM.Collect$$rtentry$$00000009)
    __rt_entry_main                          0x0800025b   Thumb Code     0  __rtentry2.o(.ARM.Collect$$rtentry$$0000000D)
    __rt_entry_postli_1                      0x0800025b   Thumb Code     0  __rtentry2.o(.ARM.Collect$$rtentry$$0000000C)
    __rt_exit                                0x08000263   Thumb Code     0  rtexit.o(.ARM.Collect$$rtexit$$00000000)
    __rt_exit_ls                             0x08000265   Thumb Code     0  rtexit2.o(.ARM.Collect$$rtexit$$00000003)
    __rt_exit_prels_1                        0x08000265   Thumb Code     0  rtexit2.o(.ARM.Collect$$rtexit$$00000002)
    __rt_exit_exit                           0x08000269   Thumb Code     0  rtexit2.o(.ARM.Collect$$rtexit$$00000004)
    SVC_Handler                              0x08000271   Thumb Code    28  port.o(.emb_text)
    __asm___6_port_c_39a90d8d__prvStartFirstTask 0x08000291   Thumb Code    28  port.o(.emb_text)
    __asm___6_port_c_39a90d8d__prvEnableVFP  0x080002b1   Thumb Code    16  port.o(.emb_text)
    PendSV_Handler                           0x080002c5   Thumb Code    84  port.o(.emb_text)
    ulPortSetInterruptMask                   0x0800031d   Thumb Code    14  port.o(.emb_text)
    vPortClearInterruptMask                  0x0800032b   Thumb Code     6  port.o(.emb_text)
    vPortGetIPSR                             0x08000331   Thumb Code     6  port.o(.emb_text)
    Reset_Handler                            0x08000339   Thumb Code     8  startup_stm32f4xx.o(.text)
    _maybe_terminate_alloc                   0x08000339   Thumb Code     0  maybetermalloc1.o(.emb_text)
    ADC_IRQHandler                           0x08000353   Thumb Code     0  startup_stm32f4xx.o(.text)
    CAN1_RX0_IRQHandler                      0x08000353   Thumb Code     0  startup_stm32f4xx.o(.text)
    CAN1_RX1_IRQHandler                      0x08000353   Thumb Code     0  startup_stm32f4xx.o(.text)
    CAN1_SCE_IRQHandler                      0x08000353   Thumb Code     0  startup_stm32f4xx.o(.text)
    CAN1_TX_IRQHandler                       0x08000353   Thumb Code     0  startup_stm32f4xx.o(.text)
    CAN2_RX0_IRQHandler                      0x08000353   Thumb Code     0  startup_stm32f4xx.o(.text)
    CAN2_RX1_IRQHandler                      0x08000353   Thumb Code     0  startup_stm32f4xx.o(.text)
    CAN2_SCE_IRQHandler                      0x08000353   Thumb Code     0  startup_stm32f4xx.o(.text)
    CAN2_TX_IRQHandler                       0x08000353   Thumb Code     0  startup_stm32f4xx.o(.text)
    CRYP_IRQHandler                          0x08000353   Thumb Code     0  startup_stm32f4xx.o(.text)
    DCMI_IRQHandler                          0x08000353   Thumb Code     0  startup_stm32f4xx.o(.text)
    DMA1_Stream0_IRQHandler                  0x08000353   Thumb Code     0  startup_stm32f4xx.o(.text)
    DMA1_Stream1_IRQHandler                  0x08000353   Thumb Code     0  startup_stm32f4xx.o(.text)
    DMA1_Stream2_IRQHandler                  0x08000353   Thumb Code     0  startup_stm32f4xx.o(.text)
    DMA1_Stream3_IRQHandler                  0x08000353   Thumb Code     0  startup_stm32f4xx.o(.text)
    DMA1_Stream4_IRQHandler                  0x08000353   Thumb Code     0  startup_stm32f4xx.o(.text)
    DMA1_Stream5_IRQHandler                  0x08000353   Thumb Code     0  startup_stm32f4xx.o(.text)
    DMA1_Stream6_IRQHandler                  0x08000353   Thumb Code     0  startup_stm32f4xx.o(.text)
    DMA1_Stream7_IRQHandler                  0x08000353   Thumb Code     0  startup_stm32f4xx.o(.text)
    DMA2_Stream0_IRQHandler                  0x08000353   Thumb Code     0  startup_stm32f4xx.o(.text)
    DMA2_Stream1_IRQHandler                  0x08000353   Thumb Code     0  startup_stm32f4xx.o(.text)
    DMA2_Stream2_IRQHandler                  0x08000353   Thumb Code     0  startup_stm32f4xx.o(.text)
    DMA2_Stream3_IRQHandler                  0x08000353   Thumb Code     0  startup_stm32f4xx.o(.text)
    DMA2_Stream4_IRQHandler                  0x08000353   Thumb Code     0  startup_stm32f4xx.o(.text)
    DMA2_Stream5_IRQHandler                  0x08000353   Thumb Code     0  startup_stm32f4xx.o(.text)
    DMA2_Stream6_IRQHandler                  0x08000353   Thumb Code     0  startup_stm32f4xx.o(.text)
    DMA2_Stream7_IRQHandler                  0x08000353   Thumb Code     0  startup_stm32f4xx.o(.text)
    ETH_IRQHandler                           0x08000353   Thumb Code     0  startup_stm32f4xx.o(.text)
    ETH_WKUP_IRQHandler                      0x08000353   Thumb Code     0  startup_stm32f4xx.o(.text)
    EXTI0_IRQHandler                         0x08000353   Thumb Code     0  startup_stm32f4xx.o(.text)
    EXTI15_10_IRQHandler                     0x08000353   Thumb Code     0  startup_stm32f4xx.o(.text)
    EXTI1_IRQHandler                         0x08000353   Thumb Code     0  startup_stm32f4xx.o(.text)
    EXTI2_IRQHandler                         0x08000353   Thumb Code     0  startup_stm32f4xx.o(.text)
    EXTI3_IRQHandler                         0x08000353   Thumb Code     0  startup_stm32f4xx.o(.text)
    EXTI4_IRQHandler                         0x08000353   Thumb Code     0  startup_stm32f4xx.o(.text)
    EXTI9_5_IRQHandler                       0x08000353   Thumb Code     0  startup_stm32f4xx.o(.text)
    FLASH_IRQHandler                         0x08000353   Thumb Code     0  startup_stm32f4xx.o(.text)
    FPU_IRQHandler                           0x08000353   Thumb Code     0  startup_stm32f4xx.o(.text)
    FSMC_IRQHandler                          0x08000353   Thumb Code     0  startup_stm32f4xx.o(.text)
    HASH_RNG_IRQHandler                      0x08000353   Thumb Code     0  startup_stm32f4xx.o(.text)
    I2C1_ER_IRQHandler                       0x08000353   Thumb Code     0  startup_stm32f4xx.o(.text)
    I2C1_EV_IRQHandler                       0x08000353   Thumb Code     0  startup_stm32f4xx.o(.text)
    I2C2_ER_IRQHandler                       0x08000353   Thumb Code     0  startup_stm32f4xx.o(.text)
    I2C2_EV_IRQHandler                       0x08000353   Thumb Code     0  startup_stm32f4xx.o(.text)
    I2C3_ER_IRQHandler                       0x08000353   Thumb Code     0  startup_stm32f4xx.o(.text)
    I2C3_EV_IRQHandler                       0x08000353   Thumb Code     0  startup_stm32f4xx.o(.text)
    OTG_FS_IRQHandler                        0x08000353   Thumb Code     0  startup_stm32f4xx.o(.text)
    OTG_FS_WKUP_IRQHandler                   0x08000353   Thumb Code     0  startup_stm32f4xx.o(.text)
    OTG_HS_EP1_IN_IRQHandler                 0x08000353   Thumb Code     0  startup_stm32f4xx.o(.text)
    OTG_HS_EP1_OUT_IRQHandler                0x08000353   Thumb Code     0  startup_stm32f4xx.o(.text)
    OTG_HS_IRQHandler                        0x08000353   Thumb Code     0  startup_stm32f4xx.o(.text)
    OTG_HS_WKUP_IRQHandler                   0x08000353   Thumb Code     0  startup_stm32f4xx.o(.text)
    PVD_IRQHandler                           0x08000353   Thumb Code     0  startup_stm32f4xx.o(.text)
    RCC_IRQHandler                           0x08000353   Thumb Code     0  startup_stm32f4xx.o(.text)
    RTC_Alarm_IRQHandler                     0x08000353   Thumb Code     0  startup_stm32f4xx.o(.text)
    RTC_WKUP_IRQHandler                      0x08000353   Thumb Code     0  startup_stm32f4xx.o(.text)
    SDIO_IRQHandler                          0x08000353   Thumb Code     0  startup_stm32f4xx.o(.text)
    SPI1_IRQHandler                          0x08000353   Thumb Code     0  startup_stm32f4xx.o(.text)
    SPI2_IRQHandler                          0x08000353   Thumb Code     0  startup_stm32f4xx.o(.text)
    SPI3_IRQHandler                          0x08000353   Thumb Code     0  startup_stm32f4xx.o(.text)
    TAMP_STAMP_IRQHandler                    0x08000353   Thumb Code     0  startup_stm32f4xx.o(.text)
    TIM1_BRK_TIM9_IRQHandler                 0x08000353   Thumb Code     0  startup_stm32f4xx.o(.text)
    TIM1_CC_IRQHandler                       0x08000353   Thumb Code     0  startup_stm32f4xx.o(.text)
    TIM1_TRG_COM_TIM11_IRQHandler            0x08000353   Thumb Code     0  startup_stm32f4xx.o(.text)
    TIM1_UP_TIM10_IRQHandler                 0x08000353   Thumb Code     0  startup_stm32f4xx.o(.text)
    TIM3_IRQHandler                          0x08000353   Thumb Code     0  startup_stm32f4xx.o(.text)
    TIM4_IRQHandler                          0x08000353   Thumb Code     0  startup_stm32f4xx.o(.text)
    TIM5_IRQHandler                          0x08000353   Thumb Code     0  startup_stm32f4xx.o(.text)
    TIM6_DAC_IRQHandler                      0x08000353   Thumb Code     0  startup_stm32f4xx.o(.text)
    TIM7_IRQHandler                          0x08000353   Thumb Code     0  startup_stm32f4xx.o(.text)
    TIM8_BRK_TIM12_IRQHandler                0x08000353   Thumb Code     0  startup_stm32f4xx.o(.text)
    TIM8_CC_IRQHandler                       0x08000353   Thumb Code     0  startup_stm32f4xx.o(.text)
    TIM8_TRG_COM_TIM14_IRQHandler            0x08000353   Thumb Code     0  startup_stm32f4xx.o(.text)
    TIM8_UP_TIM13_IRQHandler                 0x08000353   Thumb Code     0  startup_stm32f4xx.o(.text)
    UART4_IRQHandler                         0x08000353   Thumb Code     0  startup_stm32f4xx.o(.text)
    UART5_IRQHandler                         0x08000353   Thumb Code     0  startup_stm32f4xx.o(.text)
    USART1_IRQHandler                        0x08000353   Thumb Code     0  startup_stm32f4xx.o(.text)
    USART2_IRQHandler                        0x08000353   Thumb Code     0  startup_stm32f4xx.o(.text)
    USART3_IRQHandler                        0x08000353   Thumb Code     0  startup_stm32f4xx.o(.text)
    USART6_IRQHandler                        0x08000353   Thumb Code     0  startup_stm32f4xx.o(.text)
    WWDG_IRQHandler                          0x08000353   Thumb Code     0  startup_stm32f4xx.o(.text)
    __user_initial_stackheap                 0x08000355   Thumb Code     0  startup_stm32f4xx.o(.text)
    SystemInit                               0x08000455   Thumb Code    88  system_stm32f4xx.o(.text)
    SystemCoreClockUpdate                    0x080004ad   Thumb Code   174  system_stm32f4xx.o(.text)
    initFilter                               0x08000589   Thumb Code    96  main.o(.text)
    initSound                                0x080005e9   Thumb Code    72  main.o(.text)
    updateFilter                             0x08000631   Thumb Code    88  main.o(.text)
    InitTimer_2                              0x08000689   Thumb Code    60  main.o(.text)
    EnableTimer2Interrupt                    0x080006c5   Thumb Code    32  main.o(.text)
    TIM2_IRQHandler                          0x080006e5   Thumb Code    92  main.o(.text)
    update_LED                               0x08000741   Thumb Code    94  main.o(.text)
    update_mode                              0x0800079f   Thumb Code   200  main.o(.text)
    CanUpdateClickState                      0x08000867   Thumb Code    38  main.o(.text)
    vButtonInput                             0x0800088d   Thumb Code   100  main.o(.text)
    update_exec_time                         0x080008f1   Thumb Code    86  main.o(.text)
    resume_task                              0x08000947   Thumb Code   180  main.o(.text)
    process_EXP_task                         0x080009fb   Thumb Code    70  main.o(.text)
    get_task_priority                        0x08000a41   Thumb Code    50  main.o(.text)
    get_task_laxity                          0x08000a73   Thumb Code   114  main.o(.text)
    process_LLS_task                         0x08000ae5   Thumb Code   202  main.o(.text)
    get_task_ddl                             0x08000baf   Thumb Code    58  main.o(.text)
    process_EDF_task                         0x08000be9   Thumb Code   192  main.o(.text)
    process_FPS_task                         0x08000ca9   Thumb Code   148  main.o(.text)
    get_remain_time                          0x08000d3d   Thumb Code    58  main.o(.text)
    remove_end_tasks                         0x08000d77   Thumb Code   182  main.o(.text)
    add_new_tasks                            0x08000e2d   Thumb Code   240  main.o(.text)
    suspend_all_tasks                        0x08000f1d   Thumb Code    44  main.o(.text)
    vScheduler                               0x08000f49   Thumb Code   110  main.o(.text)
    setup_a_task                             0x08000fb7   Thumb Code    44  main.o(.text)
    initialize_tasks                         0x08000fe3   Thumb Code   124  main.o(.text)
    vPepperoni                               0x0800105f   Thumb Code    18  main.o(.text)
    vHawaiian                                0x08001071   Thumb Code    18  main.o(.text)
    vVeggie                                  0x08001083   Thumb Code    18  main.o(.text)
    vSeafood                                 0x08001095   Thumb Code    18  main.o(.text)
    vSoundTask                               0x080010a7   Thumb Code   246  main.o(.text)
    main                                     0x0800119d   Thumb Code   570  main.o(.text)
    task_meet_deadline                       0x080013d7   Thumb Code   114  main.o(.text)
    suspend_task                             0x08001449   Thumb Code    74  main.o(.text)
    STM_EVAL_LEDInit                         0x08001541   Thumb Code    62  discoveryf4utils.o(.text)
    STM_EVAL_LEDOn                           0x0800157f   Thumb Code    16  discoveryf4utils.o(.text)
    STM_EVAL_LEDOff                          0x0800158f   Thumb Code    16  discoveryf4utils.o(.text)
    STM_EVAL_LEDToggle                       0x0800159f   Thumb Code    26  discoveryf4utils.o(.text)
    STM_EVAL_PBInit                          0x080015b9   Thumb Code   140  discoveryf4utils.o(.text)
    STM_EVAL_PBGetState                      0x08001645   Thumb Code    22  discoveryf4utils.o(.text)
    STM_EVAL_COMInit                         0x0800165b   Thumb Code   182  discoveryf4utils.o(.text)
    NMI_Handler                              0x08001769   Thumb Code     2  stm32f4xx_it.o(.text)
    HardFault_Handler                        0x0800176b   Thumb Code     4  stm32f4xx_it.o(.text)
    MemManage_Handler                        0x0800176f   Thumb Code     4  stm32f4xx_it.o(.text)
    BusFault_Handler                         0x08001773   Thumb Code     4  stm32f4xx_it.o(.text)
    UsageFault_Handler                       0x08001777   Thumb Code     4  stm32f4xx_it.o(.text)
    DebugMon_Handler                         0x0800177b   Thumb Code     2  stm32f4xx_it.o(.text)
    codec_init                               0x0800177d   Thumb Code   310  codec.o(.text)
    send_codec_ctrl                          0x080018b3   Thumb Code   130  codec.o(.text)
    read_codec_register                      0x08001935   Thumb Code   206  codec.o(.text)
    codec_ctrl_init                          0x08001a03   Thumb Code   346  codec.o(.text)
    vListInitialise                          0x08001b91   Thumb Code    26  list.o(.text)
    vListInitialiseItem                      0x08001bab   Thumb Code     6  list.o(.text)
    vListInsertEnd                           0x08001bb1   Thumb Code    24  list.o(.text)
    vListInsert                              0x08001bc9   Thumb Code    52  list.o(.text)
    uxListRemove                             0x08001bfd   Thumb Code    40  list.o(.text)
    xQueueGenericReset                       0x08001c25   Thumb Code   120  queue.o(.text)
    xQueueGenericCreate                      0x08001c9d   Thumb Code    92  queue.o(.text)
    xQueueGenericSend                        0x08001e15   Thumb Code   322  queue.o(.text)
    xQueueCreateMutex                        0x08001f57   Thumb Code    86  queue.o(.text)
    xQueueGiveMutexRecursive                 0x08001fad   Thumb Code    58  queue.o(.text)
    xQueueGenericReceive                     0x0800202b   Thumb Code   346  queue.o(.text)
    xQueueTakeMutexRecursive                 0x08002185   Thumb Code    70  queue.o(.text)
    xQueueCreateCountingSemaphore            0x080021cb   Thumb Code    74  queue.o(.text)
    xQueueGenericSendFromISR                 0x08002215   Thumb Code   180  queue.o(.text)
    xQueueReceiveFromISR                     0x080022c9   Thumb Code   136  queue.o(.text)
    xQueuePeekFromISR                        0x08002351   Thumb Code    90  queue.o(.text)
    uxQueueMessagesWaiting                   0x080023ab   Thumb Code    28  queue.o(.text)
    uxQueueSpacesAvailable                   0x080023c7   Thumb Code    34  queue.o(.text)
    uxQueueMessagesWaitingFromISR            0x080023e9   Thumb Code    20  queue.o(.text)
    vQueueUnregisterQueue                    0x080023fd   Thumb Code    38  queue.o(.text)
    vQueueDelete                             0x08002423   Thumb Code    40  queue.o(.text)
    uxQueueGetQueueNumber                    0x0800244b   Thumb Code     6  queue.o(.text)
    vQueueSetQueueNumber                     0x08002451   Thumb Code     4  queue.o(.text)
    ucQueueGetQueueType                      0x08002455   Thumb Code     8  queue.o(.text)
    xQueueIsQueueEmptyFromISR                0x0800245d   Thumb Code    28  queue.o(.text)
    xQueueIsQueueFullFromISR                 0x08002479   Thumb Code    32  queue.o(.text)
    vQueueAddToRegistry                      0x08002499   Thumb Code    38  queue.o(.text)
    vQueueWaitForMessageRestricted           0x080024bf   Thumb Code    58  queue.o(.text)
    xTaskGenericCreate                       0x080025d7   Thumb Code   288  tasks.o(.text)
    vTaskDelete                              0x08002721   Thumb Code   160  tasks.o(.text)
    xTaskIncrementTick                       0x080027c1   Thumb Code   272  tasks.o(.text)
    xTaskResumeAll                           0x080028d1   Thumb Code   282  tasks.o(.text)
    vTaskSuspendAll                          0x08002a29   Thumb Code    12  tasks.o(.text)
    vTaskDelayUntil                          0x08002a35   Thumb Code   176  tasks.o(.text)
    vTaskDelay                               0x08002ae5   Thumb Code    94  tasks.o(.text)
    uxTaskPriorityGet                        0x08002b43   Thumb Code    30  tasks.o(.text)
    vTaskPrioritySet                         0x08002b61   Thumb Code   234  tasks.o(.text)
    vTaskSwitchContext                       0x08002c4b   Thumb Code   106  tasks.o(.text)
    vTaskSuspend                             0x08002cb5   Thumb Code   228  tasks.o(.text)
    vTaskResume                              0x08002ddd   Thumb Code   104  tasks.o(.text)
    xTaskResumeFromISR                       0x08002e45   Thumb Code   126  tasks.o(.text)
    vTaskStartScheduler                      0x08002f3f   Thumb Code    74  tasks.o(.text)
    vTaskEndScheduler                        0x08002f89   Thumb Code    18  tasks.o(.text)
    xTaskGetTickCount                        0x08002f9b   Thumb Code    18  tasks.o(.text)
    xTaskGetTickCountFromISR                 0x08002fad   Thumb Code    26  tasks.o(.text)
    uxTaskGetNumberOfTasks                   0x08002fc7   Thumb Code     6  tasks.o(.text)
    uxTaskGetSystemState                     0x08003093   Thumb Code   132  tasks.o(.text)
    vTaskPlaceOnEventList                    0x08003117   Thumb Code   162  tasks.o(.text)
    vTaskPlaceOnUnorderedEventList           0x080031b9   Thumb Code   132  tasks.o(.text)
    vTaskPlaceOnEventListRestricted          0x0800323d   Thumb Code    76  tasks.o(.text)
    xTaskRemoveFromEventList                 0x08003289   Thumb Code   114  tasks.o(.text)
    xTaskRemoveFromUnorderedEventList        0x080032fb   Thumb Code   126  tasks.o(.text)
    vTaskSetTimeOutState                     0x08003379   Thumb Code    28  tasks.o(.text)
    xTaskCheckForTimeOut                     0x08003395   Thumb Code   108  tasks.o(.text)
    vTaskMissedYield                         0x08003401   Thumb Code     8  tasks.o(.text)
    uxTaskGetTaskNumber                      0x08003409   Thumb Code    14  tasks.o(.text)
    vTaskSetTaskNumber                       0x08003417   Thumb Code     8  tasks.o(.text)
    xTaskGetCurrentTaskHandle                0x0800341f   Thumb Code     6  tasks.o(.text)
    xTaskGetSchedulerState                   0x08003425   Thumb Code    24  tasks.o(.text)
    vTaskPriorityInherit                     0x0800343d   Thumb Code   164  tasks.o(.text)
    xTaskPriorityDisinherit                  0x080034e1   Thumb Code   136  tasks.o(.text)
    uxTaskResetEventItemValue                0x08003569   Thumb Code    24  tasks.o(.text)
    pvTaskIncrementMutexHeldCount            0x08003581   Thumb Code    68  tasks.o(.text)
    xTimerGenericCommand                     0x08003615   Thumb Code   102  timers.o(.text)
    xTimerCreateTimerTask                    0x0800392f   Thumb Code    58  timers.o(.text)
    xTimerCreate                             0x08003969   Thumb Code    80  timers.o(.text)
    pcTimerGetTimerName                      0x080039b9   Thumb Code     8  timers.o(.text)
    xTimerIsTimerActive                      0x080039c1   Thumb Code    78  timers.o(.text)
    pvTimerGetTimerID                        0x08003a0f   Thumb Code     8  timers.o(.text)
    pxPortInitialiseStack                    0x08003a39   Thumb Code    34  port.o(.text)
    vPortSetupTimerInterrupt                 0x08003a5b   Thumb Code    26  port.o(.text)
    xPortStartScheduler                      0x08003a75   Thumb Code   156  port.o(.text)
    vPortEndScheduler                        0x08003b11   Thumb Code    30  port.o(.text)
    vPortYield                               0x08003b2f   Thumb Code    20  port.o(.text)
    vPortEnterCritical                       0x08003b43   Thumb Code    62  port.o(.text)
    vPortExitCritical                        0x08003b81   Thumb Code    40  port.o(.text)
    SysTick_Handler                          0x08003ba9   Thumb Code    30  port.o(.text)
    vPortValidateInterruptPriority           0x08003bc7   Thumb Code    80  port.o(.text)
    pvPortMalloc                             0x08003c5f   Thumb Code   164  heap_2.o(.text)
    vPortFree                                0x08003d03   Thumb Code    56  heap_2.o(.text)
    xPortGetFreeHeapSize                     0x08003d3b   Thumb Code     6  heap_2.o(.text)
    vPortInitialiseBlocks                    0x08003d41   Thumb Code     2  heap_2.o(.text)
    NVIC_PriorityGroupConfig                 0x08003d5d   Thumb Code    10  misc.o(.text)
    NVIC_Init                                0x08003d67   Thumb Code   106  misc.o(.text)
    NVIC_SetVectorTable                      0x08003dd1   Thumb Code    14  misc.o(.text)
    NVIC_SystemLPConfig                      0x08003ddf   Thumb Code    34  misc.o(.text)
    SysTick_CLKSourceConfig                  0x08003e01   Thumb Code    40  misc.o(.text)
    EXTI_DeInit                              0x08003e3d   Thumb Code    28  stm32f4xx_exti.o(.text)
    EXTI_Init                                0x08003e59   Thumb Code   142  stm32f4xx_exti.o(.text)
    EXTI_StructInit                          0x08003ee7   Thumb Code    16  stm32f4xx_exti.o(.text)
    EXTI_GenerateSWInterrupt                 0x08003ef7   Thumb Code    16  stm32f4xx_exti.o(.text)
    EXTI_GetFlagStatus                       0x08003f07   Thumb Code    22  stm32f4xx_exti.o(.text)
    EXTI_ClearFlag                           0x08003f1d   Thumb Code     8  stm32f4xx_exti.o(.text)
    EXTI_GetITStatus                         0x08003f25   Thumb Code    22  stm32f4xx_exti.o(.text)
    EXTI_ClearITPendingBit                   0x08003f3b   Thumb Code     8  stm32f4xx_exti.o(.text)
    GPIO_DeInit                              0x08003f4d   Thumb Code   268  stm32f4xx_gpio.o(.text)
    GPIO_Init                                0x08004059   Thumb Code   144  stm32f4xx_gpio.o(.text)
    GPIO_StructInit                          0x080040e9   Thumb Code    18  stm32f4xx_gpio.o(.text)
    GPIO_PinLockConfig                       0x080040fb   Thumb Code    34  stm32f4xx_gpio.o(.text)
    GPIO_ReadInputDataBit                    0x0800411d   Thumb Code    18  stm32f4xx_gpio.o(.text)
    GPIO_ReadInputData                       0x0800412f   Thumb Code     8  stm32f4xx_gpio.o(.text)
    GPIO_ReadOutputDataBit                   0x08004137   Thumb Code    18  stm32f4xx_gpio.o(.text)
    GPIO_ReadOutputData                      0x08004149   Thumb Code     8  stm32f4xx_gpio.o(.text)
    GPIO_SetBits                             0x08004151   Thumb Code     4  stm32f4xx_gpio.o(.text)
    GPIO_ResetBits                           0x08004155   Thumb Code     4  stm32f4xx_gpio.o(.text)
    GPIO_WriteBit                            0x08004159   Thumb Code    10  stm32f4xx_gpio.o(.text)
    GPIO_Write                               0x08004163   Thumb Code     4  stm32f4xx_gpio.o(.text)
    GPIO_ToggleBits                          0x08004167   Thumb Code     8  stm32f4xx_gpio.o(.text)
    GPIO_PinAFConfig                         0x0800416f   Thumb Code    70  stm32f4xx_gpio.o(.text)
    I2C_DeInit                               0x080041e1   Thumb Code    82  stm32f4xx_i2c.o(.text)
    I2C_Init                                 0x08004233   Thumb Code   218  stm32f4xx_i2c.o(.text)
    I2C_StructInit                           0x0800430d   Thumb Code    30  stm32f4xx_i2c.o(.text)
    I2C_Cmd                                  0x0800432b   Thumb Code    24  stm32f4xx_i2c.o(.text)
    I2C_AnalogFilterCmd                      0x08004343   Thumb Code    24  stm32f4xx_i2c.o(.text)
    I2C_DigitalFilterConfig                  0x0800435b   Thumb Code    22  stm32f4xx_i2c.o(.text)
    I2C_GenerateSTART                        0x08004371   Thumb Code    24  stm32f4xx_i2c.o(.text)
    I2C_GenerateSTOP                         0x08004389   Thumb Code    24  stm32f4xx_i2c.o(.text)
    I2C_Send7bitAddress                      0x080043a1   Thumb Code    16  stm32f4xx_i2c.o(.text)
    I2C_AcknowledgeConfig                    0x080043b1   Thumb Code    24  stm32f4xx_i2c.o(.text)
    I2C_OwnAddress2Config                    0x080043c9   Thumb Code    22  stm32f4xx_i2c.o(.text)
    I2C_DualAddressCmd                       0x080043df   Thumb Code    24  stm32f4xx_i2c.o(.text)
    I2C_GeneralCallCmd                       0x080043f7   Thumb Code    24  stm32f4xx_i2c.o(.text)
    I2C_SoftwareResetCmd                     0x0800440f   Thumb Code    22  stm32f4xx_i2c.o(.text)
    I2C_StretchClockCmd                      0x08004425   Thumb Code    24  stm32f4xx_i2c.o(.text)
    I2C_FastModeDutyCycleConfig              0x0800443d   Thumb Code    28  stm32f4xx_i2c.o(.text)
    I2C_NACKPositionConfig                   0x08004459   Thumb Code    28  stm32f4xx_i2c.o(.text)
    I2C_SMBusAlertConfig                     0x08004475   Thumb Code    28  stm32f4xx_i2c.o(.text)
    I2C_ARPCmd                               0x08004491   Thumb Code    24  stm32f4xx_i2c.o(.text)
    I2C_SendData                             0x080044a9   Thumb Code     4  stm32f4xx_i2c.o(.text)
    I2C_ReceiveData                          0x080044ad   Thumb Code     8  stm32f4xx_i2c.o(.text)
    I2C_TransmitPEC                          0x080044b5   Thumb Code    24  stm32f4xx_i2c.o(.text)
    I2C_PECPositionConfig                    0x080044cd   Thumb Code    28  stm32f4xx_i2c.o(.text)
    I2C_CalculatePEC                         0x080044e9   Thumb Code    24  stm32f4xx_i2c.o(.text)
    I2C_GetPEC                               0x08004501   Thumb Code     8  stm32f4xx_i2c.o(.text)
    I2C_DMACmd                               0x08004509   Thumb Code    24  stm32f4xx_i2c.o(.text)
    I2C_DMALastTransferCmd                   0x08004521   Thumb Code    24  stm32f4xx_i2c.o(.text)
    I2C_ReadRegister                         0x08004539   Thumb Code    22  stm32f4xx_i2c.o(.text)
    I2C_ITConfig                             0x0800454f   Thumb Code    18  stm32f4xx_i2c.o(.text)
    I2C_CheckEvent                           0x08004561   Thumb Code    42  stm32f4xx_i2c.o(.text)
    I2C_GetLastEvent                         0x0800458b   Thumb Code    26  stm32f4xx_i2c.o(.text)
    I2C_GetFlagStatus                        0x080045a5   Thumb Code    84  stm32f4xx_i2c.o(.text)
    I2C_ClearFlag                            0x080045f9   Thumb Code    12  stm32f4xx_i2c.o(.text)
    I2C_GetITStatus                          0x08004605   Thumb Code    38  stm32f4xx_i2c.o(.text)
    I2C_ClearITPendingBit                    0x0800462b   Thumb Code    12  stm32f4xx_i2c.o(.text)
    RCC_DeInit                               0x08004639   Thumb Code    82  stm32f4xx_rcc.o(.text)
    RCC_HSEConfig                            0x0800468b   Thumb Code    14  stm32f4xx_rcc.o(.text)
    RCC_GetFlagStatus                        0x08004699   Thumb Code    60  stm32f4xx_rcc.o(.text)
    RCC_WaitForHSEStartUp                    0x080046d5   Thumb Code    56  stm32f4xx_rcc.o(.text)
    RCC_AdjustHSICalibrationValue            0x0800470d   Thumb Code    20  stm32f4xx_rcc.o(.text)
    RCC_HSICmd                               0x08004721   Thumb Code     6  stm32f4xx_rcc.o(.text)
    RCC_LSEConfig                            0x08004727   Thumb Code    46  stm32f4xx_rcc.o(.text)
    RCC_LSICmd                               0x08004755   Thumb Code     6  stm32f4xx_rcc.o(.text)
    RCC_PLLConfig                            0x0800475b   Thumb Code    32  stm32f4xx_rcc.o(.text)
    RCC_PLLCmd                               0x0800477b   Thumb Code     6  stm32f4xx_rcc.o(.text)
    RCC_PLLI2SConfig                         0x08004781   Thumb Code    14  stm32f4xx_rcc.o(.text)
    RCC_PLLI2SCmd                            0x0800478f   Thumb Code     6  stm32f4xx_rcc.o(.text)
    RCC_PLLSAIConfig                         0x08004795   Thumb Code    20  stm32f4xx_rcc.o(.text)
    RCC_PLLSAICmd                            0x080047a9   Thumb Code     6  stm32f4xx_rcc.o(.text)
    RCC_ClockSecuritySystemCmd               0x080047af   Thumb Code     6  stm32f4xx_rcc.o(.text)
    RCC_MCO1Config                           0x080047b5   Thumb Code    28  stm32f4xx_rcc.o(.text)
    RCC_MCO2Config                           0x080047d1   Thumb Code    28  stm32f4xx_rcc.o(.text)
    RCC_SYSCLKConfig                         0x080047ed   Thumb Code    20  stm32f4xx_rcc.o(.text)
    RCC_GetSYSCLKSource                      0x08004801   Thumb Code    12  stm32f4xx_rcc.o(.text)
    RCC_HCLKConfig                           0x0800480d   Thumb Code    20  stm32f4xx_rcc.o(.text)
    RCC_PCLK1Config                          0x08004821   Thumb Code    20  stm32f4xx_rcc.o(.text)
    RCC_PCLK2Config                          0x08004835   Thumb Code    22  stm32f4xx_rcc.o(.text)
    RCC_GetClocksFreq                        0x0800484b   Thumb Code   222  stm32f4xx_rcc.o(.text)
    RCC_RTCCLKConfig                         0x08004929   Thumb Code    54  stm32f4xx_rcc.o(.text)
    RCC_RTCCLKCmd                            0x0800495f   Thumb Code     8  stm32f4xx_rcc.o(.text)
    RCC_BackupResetCmd                       0x08004967   Thumb Code     8  stm32f4xx_rcc.o(.text)
    RCC_I2SCLKConfig                         0x0800496f   Thumb Code     6  stm32f4xx_rcc.o(.text)
    RCC_SAIPLLI2SClkDivConfig                0x08004975   Thumb Code    26  stm32f4xx_rcc.o(.text)
    RCC_SAIPLLSAIClkDivConfig                0x0800498f   Thumb Code    28  stm32f4xx_rcc.o(.text)
    RCC_SAIBlockACLKConfig                   0x080049ab   Thumb Code    20  stm32f4xx_rcc.o(.text)
    RCC_SAIBlockBCLKConfig                   0x080049bf   Thumb Code    20  stm32f4xx_rcc.o(.text)
    RCC_LTDCCLKDivConfig                     0x080049d3   Thumb Code    20  stm32f4xx_rcc.o(.text)
    RCC_TIMCLKPresConfig                     0x080049e7   Thumb Code     6  stm32f4xx_rcc.o(.text)
    RCC_AHB1PeriphClockCmd                   0x080049ed   Thumb Code    34  stm32f4xx_rcc.o(.text)
    RCC_AHB2PeriphClockCmd                   0x08004a0f   Thumb Code    78  stm32f4xx_rcc.o(.text)
    RCC_AHB3PeriphClockCmd                   0x08004a5d   Thumb Code    34  stm32f4xx_rcc.o(.text)
    RCC_APB1PeriphClockCmd                   0x08004a7f   Thumb Code    34  stm32f4xx_rcc.o(.text)
    RCC_APB2PeriphClockCmd                   0x08004aa1   Thumb Code    34  stm32f4xx_rcc.o(.text)
    RCC_AHB1PeriphResetCmd                   0x08004ac3   Thumb Code    34  stm32f4xx_rcc.o(.text)
    RCC_AHB2PeriphResetCmd                   0x08004ae5   Thumb Code    34  stm32f4xx_rcc.o(.text)
    RCC_AHB3PeriphResetCmd                   0x08004b07   Thumb Code    34  stm32f4xx_rcc.o(.text)
    RCC_APB1PeriphResetCmd                   0x08004b29   Thumb Code    34  stm32f4xx_rcc.o(.text)
    RCC_APB2PeriphResetCmd                   0x08004b4b   Thumb Code    34  stm32f4xx_rcc.o(.text)
    RCC_AHB1PeriphClockLPModeCmd             0x08004b6d   Thumb Code    34  stm32f4xx_rcc.o(.text)
    RCC_AHB2PeriphClockLPModeCmd             0x08004b8f   Thumb Code    34  stm32f4xx_rcc.o(.text)
    RCC_AHB3PeriphClockLPModeCmd             0x08004bb1   Thumb Code    34  stm32f4xx_rcc.o(.text)
    RCC_APB1PeriphClockLPModeCmd             0x08004bd3   Thumb Code    34  stm32f4xx_rcc.o(.text)
    RCC_APB2PeriphClockLPModeCmd             0x08004bf5   Thumb Code    34  stm32f4xx_rcc.o(.text)
    RCC_ITConfig                             0x08004c17   Thumb Code    34  stm32f4xx_rcc.o(.text)
    RCC_ClearFlag                            0x08004c39   Thumb Code    18  stm32f4xx_rcc.o(.text)
    RCC_GetITStatus                          0x08004c4b   Thumb Code    22  stm32f4xx_rcc.o(.text)
    RCC_ClearITPendingBit                    0x08004c61   Thumb Code     8  stm32f4xx_rcc.o(.text)
    SPI_I2S_DeInit                           0x08004c6d   Thumb Code   152  stm32f4xx_spi.o(.text)
    SPI_Init                                 0x08004d05   Thumb Code    60  stm32f4xx_spi.o(.text)
    I2S_Init                                 0x08004d41   Thumb Code   350  stm32f4xx_spi.o(.text)
    SPI_StructInit                           0x08004e9f   Thumb Code    24  stm32f4xx_spi.o(.text)
    I2S_StructInit                           0x08004eb7   Thumb Code    20  stm32f4xx_spi.o(.text)
    SPI_Cmd                                  0x08004ecb   Thumb Code    24  stm32f4xx_spi.o(.text)
    I2S_Cmd                                  0x08004ee3   Thumb Code    24  stm32f4xx_spi.o(.text)
    SPI_DataSizeConfig                       0x08004efb   Thumb Code    18  stm32f4xx_spi.o(.text)
    SPI_BiDirectionalLineConfig              0x08004f0d   Thumb Code    28  stm32f4xx_spi.o(.text)
    SPI_NSSInternalSoftwareConfig            0x08004f29   Thumb Code    30  stm32f4xx_spi.o(.text)
    SPI_SSOutputCmd                          0x08004f47   Thumb Code    24  stm32f4xx_spi.o(.text)
    SPI_TIModeCmd                            0x08004f5f   Thumb Code    24  stm32f4xx_spi.o(.text)
    I2S_FullDuplexConfig                     0x08004f77   Thumb Code    80  stm32f4xx_spi.o(.text)
    SPI_I2S_ReceiveData                      0x08004fc7   Thumb Code     6  stm32f4xx_spi.o(.text)
    SPI_I2S_SendData                         0x08004fcd   Thumb Code     4  stm32f4xx_spi.o(.text)
    SPI_CalculateCRC                         0x08004fd1   Thumb Code    24  stm32f4xx_spi.o(.text)
    SPI_TransmitCRC                          0x08004fe9   Thumb Code    10  stm32f4xx_spi.o(.text)
    SPI_GetCRC                               0x08004ff3   Thumb Code    16  stm32f4xx_spi.o(.text)
    SPI_GetCRCPolynomial                     0x08005003   Thumb Code     6  stm32f4xx_spi.o(.text)
    SPI_I2S_DMACmd                           0x08005009   Thumb Code    18  stm32f4xx_spi.o(.text)
    SPI_I2S_ITConfig                         0x0800501b   Thumb Code    32  stm32f4xx_spi.o(.text)
    SPI_I2S_GetFlagStatus                    0x0800503b   Thumb Code    50  stm32f4xx_spi.o(.text)
    SPI_I2S_ClearFlag                        0x0800506d   Thumb Code     6  stm32f4xx_spi.o(.text)
    SPI_I2S_GetITStatus                      0x08005073   Thumb Code    52  stm32f4xx_spi.o(.text)
    SPI_I2S_ClearITPendingBit                0x080050a7   Thumb Code    20  stm32f4xx_spi.o(.text)
    SYSCFG_DeInit                            0x080050bd   Thumb Code    22  stm32f4xx_syscfg.o(.text)
    SYSCFG_MemoryRemapConfig                 0x080050d3   Thumb Code     6  stm32f4xx_syscfg.o(.text)
    SYSCFG_MemorySwappingBank                0x080050d9   Thumb Code     6  stm32f4xx_syscfg.o(.text)
    SYSCFG_EXTILineConfig                    0x080050df   Thumb Code    66  stm32f4xx_syscfg.o(.text)
    SYSCFG_ETH_MediaInterfaceConfig          0x08005121   Thumb Code     8  stm32f4xx_syscfg.o(.text)
    SYSCFG_CompensationCellCmd               0x08005129   Thumb Code     6  stm32f4xx_syscfg.o(.text)
    SYSCFG_GetCompensationCellStatus         0x0800512f   Thumb Code    22  stm32f4xx_syscfg.o(.text)
    TIM_DeInit                               0x08005151   Thumb Code   346  stm32f4xx_tim.o(.text)
    TIM_TimeBaseInit                         0x080052ab   Thumb Code   104  stm32f4xx_tim.o(.text)
    TIM_TimeBaseStructInit                   0x08005313   Thumb Code    18  stm32f4xx_tim.o(.text)
    TIM_PrescalerConfig                      0x08005325   Thumb Code     6  stm32f4xx_tim.o(.text)
    TIM_CounterModeConfig                    0x0800532b   Thumb Code    18  stm32f4xx_tim.o(.text)
    TIM_SetCounter                           0x0800533d   Thumb Code     4  stm32f4xx_tim.o(.text)
    TIM_SetAutoreload                        0x08005341   Thumb Code     4  stm32f4xx_tim.o(.text)
    TIM_GetCounter                           0x08005345   Thumb Code     6  stm32f4xx_tim.o(.text)
    TIM_GetPrescaler                         0x0800534b   Thumb Code     6  stm32f4xx_tim.o(.text)
    TIM_UpdateDisableConfig                  0x08005351   Thumb Code    24  stm32f4xx_tim.o(.text)
    TIM_UpdateRequestConfig                  0x08005369   Thumb Code    24  stm32f4xx_tim.o(.text)
    TIM_ARRPreloadConfig                     0x08005381   Thumb Code    24  stm32f4xx_tim.o(.text)
    TIM_SelectOnePulseMode                   0x08005399   Thumb Code    18  stm32f4xx_tim.o(.text)
    TIM_SetClockDivision                     0x080053ab   Thumb Code    18  stm32f4xx_tim.o(.text)
    TIM_Cmd                                  0x080053bd   Thumb Code    24  stm32f4xx_tim.o(.text)
    TIM_OC1Init                              0x080053d5   Thumb Code   114  stm32f4xx_tim.o(.text)
    TIM_OC2Init                              0x08005447   Thumb Code   154  stm32f4xx_tim.o(.text)
    TIM_OC3Init                              0x080054e1   Thumb Code   204  stm32f4xx_tim.o(.text)
    TIM_OC4Init                              0x080055ad   Thumb Code   112  stm32f4xx_tim.o(.text)
    TIM_OCStructInit                         0x0800561d   Thumb Code    20  stm32f4xx_tim.o(.text)
    TIM_SelectOCxM                           0x08005631   Thumb Code    86  stm32f4xx_tim.o(.text)
    TIM_SetCompare1                          0x08005687   Thumb Code     4  stm32f4xx_tim.o(.text)
    TIM_SetCompare2                          0x0800568b   Thumb Code     4  stm32f4xx_tim.o(.text)
    TIM_SetCompare3                          0x0800568f   Thumb Code     4  stm32f4xx_tim.o(.text)
    TIM_SetCompare4                          0x08005693   Thumb Code     4  stm32f4xx_tim.o(.text)
    TIM_ForcedOC1Config                      0x08005697   Thumb Code    18  stm32f4xx_tim.o(.text)
    TIM_ForcedOC2Config                      0x080056a9   Thumb Code    26  stm32f4xx_tim.o(.text)
    TIM_ForcedOC3Config                      0x080056c3   Thumb Code    18  stm32f4xx_tim.o(.text)
    TIM_ForcedOC4Config                      0x080056d5   Thumb Code    26  stm32f4xx_tim.o(.text)
    TIM_OC1PreloadConfig                     0x080056ef   Thumb Code    18  stm32f4xx_tim.o(.text)
    TIM_OC2PreloadConfig                     0x08005701   Thumb Code    26  stm32f4xx_tim.o(.text)
    TIM_OC3PreloadConfig                     0x0800571b   Thumb Code    18  stm32f4xx_tim.o(.text)
    TIM_OC4PreloadConfig                     0x0800572d   Thumb Code    26  stm32f4xx_tim.o(.text)
    TIM_OC1FastConfig                        0x08005747   Thumb Code    18  stm32f4xx_tim.o(.text)
    TIM_OC2FastConfig                        0x08005759   Thumb Code    26  stm32f4xx_tim.o(.text)
    TIM_OC3FastConfig                        0x08005773   Thumb Code    18  stm32f4xx_tim.o(.text)
    TIM_OC4FastConfig                        0x08005785   Thumb Code    26  stm32f4xx_tim.o(.text)
    TIM_ClearOC1Ref                          0x0800579f   Thumb Code    18  stm32f4xx_tim.o(.text)
    TIM_ClearOC2Ref                          0x080057b1   Thumb Code    24  stm32f4xx_tim.o(.text)
    TIM_ClearOC3Ref                          0x080057c9   Thumb Code    18  stm32f4xx_tim.o(.text)
    TIM_ClearOC4Ref                          0x080057db   Thumb Code    24  stm32f4xx_tim.o(.text)
    TIM_OC1PolarityConfig                    0x080057f3   Thumb Code    18  stm32f4xx_tim.o(.text)
    TIM_OC1NPolarityConfig                   0x08005805   Thumb Code    18  stm32f4xx_tim.o(.text)
    TIM_OC2PolarityConfig                    0x08005817   Thumb Code    26  stm32f4xx_tim.o(.text)
    TIM_OC2NPolarityConfig                   0x08005831   Thumb Code    26  stm32f4xx_tim.o(.text)
    TIM_OC3PolarityConfig                    0x0800584b   Thumb Code    26  stm32f4xx_tim.o(.text)
    TIM_OC3NPolarityConfig                   0x08005865   Thumb Code    26  stm32f4xx_tim.o(.text)
    TIM_OC4PolarityConfig                    0x0800587f   Thumb Code    26  stm32f4xx_tim.o(.text)
    TIM_CCxCmd                               0x08005899   Thumb Code    30  stm32f4xx_tim.o(.text)
    TIM_CCxNCmd                              0x080058b7   Thumb Code    30  stm32f4xx_tim.o(.text)
    TIM_SetIC4Prescaler                      0x080058d5   Thumb Code    26  stm32f4xx_tim.o(.text)
    TIM_SetIC3Prescaler                      0x0800593f   Thumb Code    18  stm32f4xx_tim.o(.text)
    TIM_SetIC2Prescaler                      0x08005999   Thumb Code    26  stm32f4xx_tim.o(.text)
    TIM_SetIC1Prescaler                      0x08005a0d   Thumb Code    18  stm32f4xx_tim.o(.text)
    TIM_ICInit                               0x08005a59   Thumb Code   110  stm32f4xx_tim.o(.text)
    TIM_ICStructInit                         0x08005ac7   Thumb Code    18  stm32f4xx_tim.o(.text)
    TIM_PWMIConfig                           0x08005ad9   Thumb Code   124  stm32f4xx_tim.o(.text)
    TIM_GetCapture1                          0x08005b55   Thumb Code     6  stm32f4xx_tim.o(.text)
    TIM_GetCapture2                          0x08005b5b   Thumb Code     6  stm32f4xx_tim.o(.text)
    TIM_GetCapture3                          0x08005b61   Thumb Code     6  stm32f4xx_tim.o(.text)
    TIM_GetCapture4                          0x08005b67   Thumb Code     6  stm32f4xx_tim.o(.text)
    TIM_BDTRConfig                           0x08005b6d   Thumb Code    32  stm32f4xx_tim.o(.text)
    TIM_BDTRStructInit                       0x08005b8d   Thumb Code    18  stm32f4xx_tim.o(.text)
    TIM_CtrlPWMOutputs                       0x08005b9f   Thumb Code    30  stm32f4xx_tim.o(.text)
    TIM_SelectCOM                            0x08005bbd   Thumb Code    24  stm32f4xx_tim.o(.text)
    TIM_CCPreloadControl                     0x08005bd5   Thumb Code    24  stm32f4xx_tim.o(.text)
    TIM_ITConfig                             0x08005bed   Thumb Code    18  stm32f4xx_tim.o(.text)
    TIM_GenerateEvent                        0x08005bff   Thumb Code     4  stm32f4xx_tim.o(.text)
    TIM_GetFlagStatus                        0x08005c03   Thumb Code    18  stm32f4xx_tim.o(.text)
    TIM_ClearFlag                            0x08005c15   Thumb Code     6  stm32f4xx_tim.o(.text)
    TIM_GetITStatus                          0x08005c1b   Thumb Code    34  stm32f4xx_tim.o(.text)
    TIM_ClearITPendingBit                    0x08005c3d   Thumb Code     6  stm32f4xx_tim.o(.text)
    TIM_DMAConfig                            0x08005c43   Thumb Code    10  stm32f4xx_tim.o(.text)
    TIM_DMACmd                               0x08005c4d   Thumb Code    18  stm32f4xx_tim.o(.text)
    TIM_SelectCCDMA                          0x08005c5f   Thumb Code    24  stm32f4xx_tim.o(.text)
    TIM_InternalClockConfig                  0x08005c77   Thumb Code    12  stm32f4xx_tim.o(.text)
    TIM_SelectInputTrigger                   0x08005c83   Thumb Code    18  stm32f4xx_tim.o(.text)
    TIM_ITRxExternalClockConfig              0x08005c95   Thumb Code    24  stm32f4xx_tim.o(.text)
    TIM_TIxExternalClockConfig               0x08005cad   Thumb Code    62  stm32f4xx_tim.o(.text)
    TIM_ETRConfig                            0x08005ceb   Thumb Code    28  stm32f4xx_tim.o(.text)
    TIM_ETRClockMode1Config                  0x08005d07   Thumb Code    54  stm32f4xx_tim.o(.text)
    TIM_ETRClockMode2Config                  0x08005d3d   Thumb Code    32  stm32f4xx_tim.o(.text)
    TIM_SelectOutputTrigger                  0x08005d5d   Thumb Code    18  stm32f4xx_tim.o(.text)
    TIM_SelectSlaveMode                      0x08005d6f   Thumb Code    18  stm32f4xx_tim.o(.text)
    TIM_SelectMasterSlaveMode                0x08005d81   Thumb Code    18  stm32f4xx_tim.o(.text)
    TIM_EncoderInterfaceConfig               0x08005d93   Thumb Code    66  stm32f4xx_tim.o(.text)
    TIM_SelectHallSensor                     0x08005dd5   Thumb Code    24  stm32f4xx_tim.o(.text)
    TIM_RemapConfig                          0x08005ded   Thumb Code     6  stm32f4xx_tim.o(.text)
    USART_DeInit                             0x08005df5   Thumb Code   206  stm32f4xx_usart.o(.text)
    USART_Init                               0x08005ec3   Thumb Code   204  stm32f4xx_usart.o(.text)
    USART_StructInit                         0x08005f8f   Thumb Code    24  stm32f4xx_usart.o(.text)
    USART_ClockInit                          0x08005fa7   Thumb Code    32  stm32f4xx_usart.o(.text)
    USART_ClockStructInit                    0x08005fc7   Thumb Code    12  stm32f4xx_usart.o(.text)
    USART_Cmd                                0x08005fd3   Thumb Code    24  stm32f4xx_usart.o(.text)
    USART_SetPrescaler                       0x08005feb   Thumb Code    16  stm32f4xx_usart.o(.text)
    USART_OverSampling8Cmd                   0x08005ffb   Thumb Code    22  stm32f4xx_usart.o(.text)
    USART_OneBitMethodCmd                    0x08006011   Thumb Code    24  stm32f4xx_usart.o(.text)
    USART_SendData                           0x08006029   Thumb Code     8  stm32f4xx_usart.o(.text)
    USART_ReceiveData                        0x08006031   Thumb Code    10  stm32f4xx_usart.o(.text)
    USART_SetAddress                         0x0800603b   Thumb Code    18  stm32f4xx_usart.o(.text)
    USART_ReceiverWakeUpCmd                  0x0800604d   Thumb Code    24  stm32f4xx_usart.o(.text)
    USART_WakeUpConfig                       0x08006065   Thumb Code    18  stm32f4xx_usart.o(.text)
    USART_LINBreakDetectLengthConfig         0x08006077   Thumb Code    18  stm32f4xx_usart.o(.text)
    USART_LINCmd                             0x08006089   Thumb Code    24  stm32f4xx_usart.o(.text)
    USART_SendBreak                          0x080060a1   Thumb Code    10  stm32f4xx_usart.o(.text)
    USART_HalfDuplexCmd                      0x080060ab   Thumb Code    24  stm32f4xx_usart.o(.text)
    USART_SetGuardTime                       0x080060c3   Thumb Code    16  stm32f4xx_usart.o(.text)
    USART_SmartCardCmd                       0x080060d3   Thumb Code    24  stm32f4xx_usart.o(.text)
    USART_SmartCardNACKCmd                   0x080060eb   Thumb Code    24  stm32f4xx_usart.o(.text)
    USART_IrDAConfig                         0x08006103   Thumb Code    18  stm32f4xx_usart.o(.text)
    USART_IrDACmd                            0x08006115   Thumb Code    24  stm32f4xx_usart.o(.text)
    USART_DMACmd                             0x0800612d   Thumb Code    18  stm32f4xx_usart.o(.text)
    USART_ITConfig                           0x0800613f   Thumb Code    74  stm32f4xx_usart.o(.text)
    USART_GetFlagStatus                      0x08006189   Thumb Code    26  stm32f4xx_usart.o(.text)
    USART_ClearFlag                          0x080061a3   Thumb Code    18  stm32f4xx_usart.o(.text)
    USART_GetITStatus                        0x080061b5   Thumb Code   118  stm32f4xx_usart.o(.text)
    USART_ClearITPendingBit                  0x0800622b   Thumb Code    30  stm32f4xx_usart.o(.text)
    malloc                                   0x08006249   Thumb Code    94  h1_alloc.o(.text)
    __aeabi_memcpy                           0x080062a7   Thumb Code     0  rt_memcpy_v6.o(.text)
    __rt_memcpy                              0x080062a7   Thumb Code   138  rt_memcpy_v6.o(.text)
    _memcpy_lastbytes                        0x0800630d   Thumb Code     0  rt_memcpy_v6.o(.text)
    __aeabi_memset                           0x08006331   Thumb Code    16  aeabi_memset.o(.text)
    __use_two_region_memory                  0x08006341   Thumb Code     2  heapauxi.o(.text)
    __rt_heap_escrow                         0x08006343   Thumb Code     2  heapauxi.o(.text)
    __rt_heap_expand                         0x08006345   Thumb Code     2  heapauxi.o(.text)
    __rt_heap_descriptor                     0x08006349   Thumb Code     8  rt_heap_descriptor_intlibspace.o(.text)
    __use_no_heap                            0x08006351   Thumb Code     2  hguard.o(.text)
    __heap$guard                             0x08006353   Thumb Code     2  hguard.o(.text)
    _terminate_user_alloc                    0x08006355   Thumb Code     2  init_alloc.o(.text)
    _init_user_alloc                         0x08006357   Thumb Code     2  init_alloc.o(.text)
    __Heap_Full                              0x08006359   Thumb Code    34  init_alloc.o(.text)
    __Heap_Broken                            0x0800637b   Thumb Code     6  init_alloc.o(.text)
    _init_alloc                              0x08006381   Thumb Code    94  init_alloc.o(.text)
    __Heap_Initialize                        0x080063df   Thumb Code    10  h1_init.o(.text)
    __Heap_DescSize                          0x080063e9   Thumb Code     4  h1_init.o(.text)
    free                                     0x080063ed   Thumb Code    78  h1_free.o(.text)
    __aeabi_memcpy4                          0x0800643b   Thumb Code     0  rt_memcpy_w.o(.text)
    __aeabi_memcpy8                          0x0800643b   Thumb Code     0  rt_memcpy_w.o(.text)
    __rt_memcpy_w                            0x0800643b   Thumb Code   100  rt_memcpy_w.o(.text)
    _memcpy_lastbytes_aligned                0x08006483   Thumb Code     0  rt_memcpy_w.o(.text)
    __aeabi_memclr                           0x0800649f   Thumb Code     0  rt_memclr.o(.text)
    __rt_memclr                              0x0800649f   Thumb Code    68  rt_memclr.o(.text)
    _memset                                  0x080064a3   Thumb Code     0  rt_memclr.o(.text)
    __user_libspace                          0x080064e5   Thumb Code     8  libspace.o(.text)
    __user_perproc_libspace                  0x080064e5   Thumb Code     0  libspace.o(.text)
    __user_perthread_libspace                0x080064e5   Thumb Code     0  libspace.o(.text)
    __Heap_ProvideMemory                     0x080064ed   Thumb Code    52  h1_extend.o(.text)
    __rt_SIGRTMEM                            0x08006521   Thumb Code    14  defsig_rtmem_outer.o(.text)
    __aeabi_memclr4                          0x0800652f   Thumb Code     0  rt_memclr_w.o(.text)
    __aeabi_memclr8                          0x0800652f   Thumb Code     0  rt_memclr_w.o(.text)
    __rt_memclr_w                            0x0800652f   Thumb Code    78  rt_memclr_w.o(.text)
    _memset_w                                0x08006533   Thumb Code     0  rt_memclr_w.o(.text)
    __I$use$semihosting                      0x0800657d   Thumb Code     0  use_no_semi.o(.text)
    __use_no_semihosting_swi                 0x0800657d   Thumb Code     2  use_no_semi.o(.text)
    __semihosting_library_function           0x0800657f   Thumb Code     0  indicate_semi.o(.text)
    __user_setup_stackheap                   0x0800657f   Thumb Code    74  sys_stackheap_outer.o(.text)
    exit                                     0x080065c9   Thumb Code    18  exit.o(.text)
    __sig_exit                               0x080065db   Thumb Code    10  defsig_exit.o(.text)
    __rt_SIGRTMEM_inner                      0x080065e5   Thumb Code    22  defsig_rtmem_inner.o(.text)
    _sys_exit                                0x08006635   Thumb Code     8  sys_exit.o(.text)
    __default_signal_display                 0x08006641   Thumb Code    50  defsig_general.o(.text)
    _ttywrch                                 0x08006673   Thumb Code    14  sys_wrch.o(.text)
    __aeabi_d2f                              0x08006681   Thumb Code     0  d2f.o(x$fpl$d2f)
    _d2f                                     0x08006681   Thumb Code    98  d2f.o(x$fpl$d2f)
    __aeabi_dadd                             0x080066e5   Thumb Code     0  daddsub_clz.o(x$fpl$dadd)
    _dadd                                    0x080066e5   Thumb Code   332  daddsub_clz.o(x$fpl$dadd)
    __fpl_dcmp_Inf                           0x08006835   Thumb Code    24  dcmpi.o(x$fpl$dcmpinf)
    __aeabi_d2iz                             0x0800684d   Thumb Code     0  dfix.o(x$fpl$dfix)
    _dfix                                    0x0800684d   Thumb Code    94  dfix.o(x$fpl$dfix)
    __aeabi_cdcmple                          0x080068ad   Thumb Code     0  dleqf.o(x$fpl$dleqf)
    _dcmple                                  0x080068ad   Thumb Code   120  dleqf.o(x$fpl$dleqf)
    __fpl_dcmple_InfNaN                      0x0800690f   Thumb Code     0  dleqf.o(x$fpl$dleqf)
    __aeabi_dmul                             0x08006925   Thumb Code     0  dmul.o(x$fpl$dmul)
    _dmul                                    0x08006925   Thumb Code   332  dmul.o(x$fpl$dmul)
    __fpl_dnaninf                            0x08006a79   Thumb Code   156  dnaninf.o(x$fpl$dnaninf)
    __fpl_dretinf                            0x08006b15   Thumb Code    12  dretinf.o(x$fpl$dretinf)
    __aeabi_cdrcmple                         0x08006b21   Thumb Code     0  drleqf.o(x$fpl$drleqf)
    _drcmple                                 0x08006b21   Thumb Code   108  drleqf.o(x$fpl$drleqf)
    __aeabi_dsub                             0x08006b8d   Thumb Code     0  daddsub_clz.o(x$fpl$dsub)
    _dsub                                    0x08006b8d   Thumb Code   464  daddsub_clz.o(x$fpl$dsub)
    __aeabi_f2d                              0x08006d61   Thumb Code     0  f2d.o(x$fpl$f2d)
    _f2d                                     0x08006d61   Thumb Code    86  f2d.o(x$fpl$f2d)
    __fpl_fnaninf                            0x08006db7   Thumb Code   140  fnaninf.o(x$fpl$fnaninf)
    _fp_init                                 0x08006e43   Thumb Code    10  fpinit.o(x$fpl$fpinit)
    __fplib_config_fpu_vfp                   0x08006e4b   Thumb Code     0  fpinit.o(x$fpl$fpinit)
    __fplib_config_pureend_doubles           0x08006e4b   Thumb Code     0  fpinit.o(x$fpl$fpinit)
    __fpl_fretinf                            0x08006e4d   Thumb Code    10  fretinf.o(x$fpl$fretinf)
    __I$use$fp                               0x08006e56   Number         0  usenofp.o(x$fpl$usenofp)
    seafood_t                                0x08006e58   Data           4  main.o(.constdata)
    veggie_t                                 0x08006e5c   Data           4  main.o(.constdata)
    hawaiian_t                               0x08006e60   Data           4  main.o(.constdata)
    pepperoni_t                              0x08006e64   Data           4  main.o(.constdata)
    TIMER_2_PRESCALER                        0x08006e68   Data           2  main.o(.constdata)
    TIMER_2_PERIOD                           0x08006e6a   Data           2  main.o(.constdata)
    TIMER_2_FREQUENCY                        0x08006e6c   Data           2  main.o(.constdata)
    MIN_PRESS_TIME                           0x08006e70   Data           4  main.o(.constdata)
    DOUBLE_CLICK_TIME                        0x08006e74   Data           4  main.o(.constdata)
    SOUND_OUTPUT                             0x08006e78   Data           4  main.o(.constdata)
    GPIO_PIN                                 0x08006e7c   Data           8  discoveryf4utils.o(.constdata)
    GPIO_CLK                                 0x08006e84   Data          16  discoveryf4utils.o(.constdata)
    BUTTON_PIN                               0x08006e94   Data           2  discoveryf4utils.o(.constdata)
    BUTTON_CLK                               0x08006e98   Data           4  discoveryf4utils.o(.constdata)
    BUTTON_EXTI_LINE                         0x08006e9c   Data           2  discoveryf4utils.o(.constdata)
    BUTTON_PORT_SOURCE                       0x08006e9e   Data           1  discoveryf4utils.o(.constdata)
    BUTTON_PIN_SOURCE                        0x08006e9f   Data           1  discoveryf4utils.o(.constdata)
    BUTTON_IRQn                              0x08006ea0   Data           1  discoveryf4utils.o(.constdata)
    COM_USART_CLK                            0x08006ea4   Data           4  discoveryf4utils.o(.constdata)
    COM_TX_PORT_CLK                          0x08006ea8   Data           4  discoveryf4utils.o(.constdata)
    COM_RX_PORT_CLK                          0x08006eac   Data           4  discoveryf4utils.o(.constdata)
    COM_TX_PIN                               0x08006eb0   Data           2  discoveryf4utils.o(.constdata)
    COM_RX_PIN                               0x08006eb2   Data           2  discoveryf4utils.o(.constdata)
    COM_TX_PIN_SOURCE                        0x08006eb4   Data           2  discoveryf4utils.o(.constdata)
    COM_RX_PIN_SOURCE                        0x08006eb6   Data           2  discoveryf4utils.o(.constdata)
    COM_TX_AF                                0x08006eb8   Data           2  discoveryf4utils.o(.constdata)
    COM_RX_AF                                0x08006eba   Data           2  discoveryf4utils.o(.constdata)
    Region$$Table$$Base                      0x08006ebc   Number         0  anon$$obj.o(Region$$Table)
    Region$$Table$$Limit                     0x08006edc   Number         0  anon$$obj.o(Region$$Table)
    SystemCoreClock                          0x20000000   Data           4  system_stm32f4xx.o(.data)
    AHBPrescTable                            0x20000004   Data          16  system_stm32f4xx.o(.data)
    GPIO_InitStructure                       0x20000018   Data           8  main.o(.data)
    sampleCounter                            0x20000020   Data           4  main.o(.data)
    sample                                   0x20000024   Data           2  main.o(.data)
    sawWave                                  0x20000028   Data           8  main.o(.data)
    filteredSaw                              0x20000030   Data           4  main.o(.data)
    timer_button_hold                        0x20000034   Data           4  main.o(.data)
    timer_button_release                     0x20000038   Data           4  main.o(.data)
    button_unpressed                         0x2000003c   Data           1  main.o(.data)
    start                                    0x2000003d   Data           1  main.o(.data)
    potential_double_click                   0x2000003e   Data           1  main.o(.data)
    single_click                             0x2000003f   Data           1  main.o(.data)
    double_click                             0x20000040   Data           1  main.o(.data)
    curr_mode                                0x20000041   Data           1  main.o(.data)
    output_sound                             0x20000042   Data           1  main.o(.data)
    timer_for_sound                          0x20000044   Data           4  main.o(.data)
    sound_init                               0x20000048   Data           1  main.o(.data)
    curr_time                                0x2000004c   Data           4  main.o(.data)
    seafood_handler                          0x20000050   Data           4  main.o(.data)
    veggie_handler                           0x20000054   Data           4  main.o(.data)
    hawaiian_handler                         0x20000058   Data           4  main.o(.data)
    peperoni_handler                         0x2000005c   Data           4  main.o(.data)
    seafood_priority                         0x20000060   Data           4  main.o(.data)
    veggie_priority                          0x20000064   Data           4  main.o(.data)
    hawaiian_priority                        0x20000068   Data           4  main.o(.data)
    pepperoni_priority                       0x2000006c   Data           4  main.o(.data)
    scheduler_priority                       0x20000070   Data           4  main.o(.data)
    seafood_deadline                         0x20000074   Data           4  main.o(.data)
    veggie_deadline                          0x20000078   Data           4  main.o(.data)
    hawaiian_deadline                        0x2000007c   Data           4  main.o(.data)
    pepperoni_deadline                       0x20000080   Data           4  main.o(.data)
    seafood_duration                         0x20000084   Data           4  main.o(.data)
    veggie_duration                          0x20000088   Data           4  main.o(.data)
    hawaiian_duration                        0x2000008c   Data           4  main.o(.data)
    pepperoni_duration                       0x20000090   Data           4  main.o(.data)
    seafood_period                           0x20000094   Data           4  main.o(.data)
    veggie_period                            0x20000098   Data           4  main.o(.data)
    hawaiian_period                          0x2000009c   Data           4  main.o(.data)
    pepperoni_period                         0x200000a0   Data           4  main.o(.data)
    xStatus                                  0x200000a4   Data           4  main.o(.data)
    use_queue1                               0x200000a8   Data           1  main.o(.data)
    queue_one                                0x200000ac   Data           4  main.o(.data)
    queue_two                                0x200000b0   Data           4  main.o(.data)
    curr_task                                0x200000b4   Data           4  main.o(.data)
    seafood_task                             0x200000b8   Data           4  main.o(.data)
    veggie_task                              0x200000bc   Data           4  main.o(.data)
    hawaiian_task                            0x200000c0   Data           4  main.o(.data)
    pepperoni_task                           0x200000c4   Data           4  main.o(.data)
    GPIO_PORT                                0x200000c8   Data          16  discoveryf4utils.o(.data)
    BUTTON_PORT                              0x200000d8   Data           4  discoveryf4utils.o(.data)
    NVIC_InitStructure                       0x200000dc   Data           4  discoveryf4utils.o(.data)
    COM_USART                                0x200000e0   Data           4  discoveryf4utils.o(.data)
    COM_TX_PORT                              0x200000e4   Data           4  discoveryf4utils.o(.data)
    COM_RX_PORT                              0x200000e8   Data           4  discoveryf4utils.o(.data)
    pxCurrentTCB                             0x200000ec   Data           4  tasks.o(.data)
    timer_InitStructure                      0x20000168   Data          12  main.o(.bss)
    filt                                     0x20000174   Data          68  main.o(.bss)
    I2S_InitType                             0x200001b8   Data          16  codec.o(.bss)
    I2C_InitType                             0x200001c8   Data          16  codec.o(.bss)
    xQueueRegistry                           0x200001d8   Data          64  queue.o(.bss)
    __libspace_start                         0x20012f08   Data          96  libspace.o(.bss)
    __temporary_stack_top$libspace           0x20012f68   Data           0  libspace.o(.bss)



==============================================================================

Memory Map of the image

  Image Entry point : 0x08000189

  Load Region LR_IROM1 (Base: 0x08000000, Size: 0x00007044, Max: 0x00100000, ABSOLUTE, COMPRESSED[0x00006f44])

    Execution Region ER_IROM1 (Exec base: 0x08000000, Load base: 0x08000000, Size: 0x00006edc, Max: 0x00100000, ABSOLUTE)

    Exec Addr    Load Addr    Size         Type   Attr      Idx    E Section Name        Object

    0x08000000   0x08000000   0x00000188   Data   RO            3    RESET               startup_stm32f4xx.o
    0x08000188   0x08000188   0x00000008   Code   RO         1240  * !!!main             c_w.l(__main.o)
    0x08000190   0x08000190   0x00000034   Code   RO         1486    !!!scatter          c_w.l(__scatter.o)
    0x080001c4   0x080001c4   0x0000005a   Code   RO         1484    !!dczerorl2         c_w.l(__dczerorl2.o)
    0x0800021e   0x0800021e   0x00000002   PAD
    0x08000220   0x08000220   0x0000001c   Code   RO         1488    !!handler_zi        c_w.l(__scatter_zi.o)
    0x0800023c   0x0800023c   0x00000002   Code   RO         1423    .ARM.Collect$$libinit$$00000000  c_w.l(libinit.o)
    0x0800023e   0x0800023e   0x00000004   Code   RO         1300    .ARM.Collect$$libinit$$00000001  c_w.l(libinit2.o)
    0x08000242   0x08000242   0x00000000   Code   RO         1303    .ARM.Collect$$libinit$$00000004  c_w.l(libinit2.o)
    0x08000242   0x08000242   0x00000008   Code   RO         1304    .ARM.Collect$$libinit$$00000005  c_w.l(libinit2.o)
    0x0800024a   0x0800024a   0x00000000   Code   RO         1306    .ARM.Collect$$libinit$$0000000A  c_w.l(libinit2.o)
    0x0800024a   0x0800024a   0x00000000   Code   RO         1308    .ARM.Collect$$libinit$$0000000C  c_w.l(libinit2.o)
    0x0800024a   0x0800024a   0x00000000   Code   RO         1310    .ARM.Collect$$libinit$$0000000E  c_w.l(libinit2.o)
    0x0800024a   0x0800024a   0x00000000   Code   RO         1313    .ARM.Collect$$libinit$$00000011  c_w.l(libinit2.o)
    0x0800024a   0x0800024a   0x00000000   Code   RO         1315    .ARM.Collect$$libinit$$00000013  c_w.l(libinit2.o)
    0x0800024a   0x0800024a   0x00000000   Code   RO         1317    .ARM.Collect$$libinit$$00000015  c_w.l(libinit2.o)
    0x0800024a   0x0800024a   0x00000000   Code   RO         1319    .ARM.Collect$$libinit$$00000017  c_w.l(libinit2.o)
    0x0800024a   0x0800024a   0x00000000   Code   RO         1321    .ARM.Collect$$libinit$$00000019  c_w.l(libinit2.o)
    0x0800024a   0x0800024a   0x00000000   Code   RO         1323    .ARM.Collect$$libinit$$0000001B  c_w.l(libinit2.o)
    0x0800024a   0x0800024a   0x00000000   Code   RO         1325    .ARM.Collect$$libinit$$0000001D  c_w.l(libinit2.o)
    0x0800024a   0x0800024a   0x00000000   Code   RO         1327    .ARM.Collect$$libinit$$0000001F  c_w.l(libinit2.o)
    0x0800024a   0x0800024a   0x00000000   Code   RO         1329    .ARM.Collect$$libinit$$00000021  c_w.l(libinit2.o)
    0x0800024a   0x0800024a   0x00000000   Code   RO         1331    .ARM.Collect$$libinit$$00000023  c_w.l(libinit2.o)
    0x0800024a   0x0800024a   0x00000000   Code   RO         1333    .ARM.Collect$$libinit$$00000025  c_w.l(libinit2.o)
    0x0800024a   0x0800024a   0x00000000   Code   RO         1337    .ARM.Collect$$libinit$$0000002C  c_w.l(libinit2.o)
    0x0800024a   0x0800024a   0x00000000   Code   RO         1339    .ARM.Collect$$libinit$$0000002E  c_w.l(libinit2.o)
    0x0800024a   0x0800024a   0x00000000   Code   RO         1341    .ARM.Collect$$libinit$$00000030  c_w.l(libinit2.o)
    0x0800024a   0x0800024a   0x00000000   Code   RO         1343    .ARM.Collect$$libinit$$00000032  c_w.l(libinit2.o)
    0x0800024a   0x0800024a   0x00000002   Code   RO         1344    .ARM.Collect$$libinit$$00000033  c_w.l(libinit2.o)
    0x0800024c   0x0800024c   0x00000002   Code   RO         1481    .ARM.Collect$$libshutdown$$00000000  c_w.l(libshutdown.o)
    0x0800024e   0x0800024e   0x00000000   Code   RO         1437    .ARM.Collect$$libshutdown$$00000002  c_w.l(libshutdown2.o)
    0x0800024e   0x0800024e   0x00000000   Code   RO         1439    .ARM.Collect$$libshutdown$$00000004  c_w.l(libshutdown2.o)
    0x0800024e   0x0800024e   0x00000000   Code   RO         1442    .ARM.Collect$$libshutdown$$00000007  c_w.l(libshutdown2.o)
    0x0800024e   0x0800024e   0x00000000   Code   RO         1445    .ARM.Collect$$libshutdown$$0000000A  c_w.l(libshutdown2.o)
    0x0800024e   0x0800024e   0x00000000   Code   RO         1447    .ARM.Collect$$libshutdown$$0000000C  c_w.l(libshutdown2.o)
    0x0800024e   0x0800024e   0x00000000   Code   RO         1450    .ARM.Collect$$libshutdown$$0000000F  c_w.l(libshutdown2.o)
    0x0800024e   0x0800024e   0x00000002   Code   RO         1451    .ARM.Collect$$libshutdown$$00000010  c_w.l(libshutdown2.o)
    0x08000250   0x08000250   0x00000000   Code   RO         1262    .ARM.Collect$$rtentry$$00000000  c_w.l(__rtentry.o)
    0x08000250   0x08000250   0x00000000   Code   RO         1362    .ARM.Collect$$rtentry$$00000002  c_w.l(__rtentry2.o)
    0x08000250   0x08000250   0x00000006   Code   RO         1374    .ARM.Collect$$rtentry$$00000004  c_w.l(__rtentry4.o)
    0x08000256   0x08000256   0x00000000   Code   RO         1364    .ARM.Collect$$rtentry$$00000009  c_w.l(__rtentry2.o)
    0x08000256   0x08000256   0x00000004   Code   RO         1365    .ARM.Collect$$rtentry$$0000000A  c_w.l(__rtentry2.o)
    0x0800025a   0x0800025a   0x00000000   Code   RO         1367    .ARM.Collect$$rtentry$$0000000C  c_w.l(__rtentry2.o)
    0x0800025a   0x0800025a   0x00000008   Code   RO         1368    .ARM.Collect$$rtentry$$0000000D  c_w.l(__rtentry2.o)
    0x08000262   0x08000262   0x00000002   Code   RO         1426    .ARM.Collect$$rtexit$$00000000  c_w.l(rtexit.o)
    0x08000264   0x08000264   0x00000000   Code   RO         1455    .ARM.Collect$$rtexit$$00000002  c_w.l(rtexit2.o)
    0x08000264   0x08000264   0x00000004   Code   RO         1456    .ARM.Collect$$rtexit$$00000003  c_w.l(rtexit2.o)
    0x08000268   0x08000268   0x00000006   Code   RO         1457    .ARM.Collect$$rtexit$$00000004  c_w.l(rtexit2.o)
    0x0800026e   0x0800026e   0x00000002   PAD
    0x08000270   0x08000270   0x000000c6   Code   RO          438    .emb_text           port.o
    0x08000336   0x08000336   0x00000002   PAD
    0x08000338   0x08000338   0x00000000   Code   RO         1378    .emb_text           c_w.l(maybetermalloc1.o)
    0x08000338   0x08000338   0x00000040   Code   RO            4    .text               startup_stm32f4xx.o
    0x08000378   0x08000378   0x00000210   Code   RO           12    .text               system_stm32f4xx.o
    0x08000588   0x08000588   0x00000fb8   Code   RO          139    .text               main.o
    0x08001540   0x08001540   0x00000228   Code   RO          216    .text               discoveryf4utils.o
    0x08001768   0x08001768   0x00000014   Code   RO          240    .text               stm32f4xx_it.o
    0x0800177c   0x0800177c   0x00000414   Code   RO          263    .text               codec.o
    0x08001b90   0x08001b90   0x00000094   Code   RO          342    .text               list.o
    0x08001c24   0x08001c24   0x000008d8   Code   RO          362    .text               queue.o
    0x080024fc   0x080024fc   0x000010c8   Code   RO          388    .text               tasks.o
    0x080035c4   0x080035c4   0x00000452   Code   RO          415    .text               timers.o
    0x08003a16   0x08003a16   0x00000002   PAD
    0x08003a18   0x08003a18   0x00000220   Code   RO          439    .text               port.o
    0x08003c38   0x08003c38   0x00000124   Code   RO          464    .text               heap_2.o
    0x08003d5c   0x08003d5c   0x000000e0   Code   RO          487    .text               misc.o
    0x08003e3c   0x08003e3c   0x00000110   Code   RO          750    .text               stm32f4xx_exti.o
    0x08003f4c   0x08003f4c   0x00000294   Code   RO          810    .text               stm32f4xx_gpio.o
    0x080041e0   0x080041e0   0x00000456   Code   RO          890    .text               stm32f4xx_i2c.o
    0x08004636   0x08004636   0x00000002   PAD
    0x08004638   0x08004638   0x00000634   Code   RO          973    .text               stm32f4xx_rcc.o
    0x08004c6c   0x08004c6c   0x0000044e   Code   RO         1078    .text               stm32f4xx_spi.o
    0x080050ba   0x080050ba   0x00000002   PAD
    0x080050bc   0x080050bc   0x00000094   Code   RO         1098    .text               stm32f4xx_syscfg.o
    0x08005150   0x08005150   0x00000ca2   Code   RO         1118    .text               stm32f4xx_tim.o
    0x08005df2   0x08005df2   0x00000002   PAD
    0x08005df4   0x08005df4   0x00000454   Code   RO         1138    .text               stm32f4xx_usart.o
    0x08006248   0x08006248   0x0000005e   Code   RO         1180    .text               c_w.l(h1_alloc.o)
    0x080062a6   0x080062a6   0x0000008a   Code   RO         1234    .text               c_w.l(rt_memcpy_v6.o)
    0x08006330   0x08006330   0x00000010   Code   RO         1236    .text               c_w.l(aeabi_memset.o)
    0x08006340   0x08006340   0x00000006   Code   RO         1238    .text               c_w.l(heapauxi.o)
    0x08006346   0x08006346   0x00000002   PAD
    0x08006348   0x08006348   0x00000008   Code   RO         1266    .text               c_w.l(rt_heap_descriptor_intlibspace.o)
    0x08006350   0x08006350   0x00000004   Code   RO         1268    .text               c_w.l(hguard.o)
    0x08006354   0x08006354   0x0000008a   Code   RO         1270    .text               c_w.l(init_alloc.o)
    0x080063de   0x080063de   0x0000000e   Code   RO         1276    .text               c_w.l(h1_init.o)
    0x080063ec   0x080063ec   0x0000004e   Code   RO         1278    .text               c_w.l(h1_free.o)
    0x0800643a   0x0800643a   0x00000064   Code   RO         1294    .text               c_w.l(rt_memcpy_w.o)
    0x0800649e   0x0800649e   0x00000044   Code   RO         1296    .text               c_w.l(rt_memclr.o)
    0x080064e2   0x080064e2   0x00000002   PAD
    0x080064e4   0x080064e4   0x00000008   Code   RO         1358    .text               c_w.l(libspace.o)
    0x080064ec   0x080064ec   0x00000034   Code   RO         1380    .text               c_w.l(h1_extend.o)
    0x08006520   0x08006520   0x0000000e   Code   RO         1384    .text               c_w.l(defsig_rtmem_outer.o)
    0x0800652e   0x0800652e   0x0000004e   Code   RO         1388    .text               c_w.l(rt_memclr_w.o)
    0x0800657c   0x0800657c   0x00000002   Code   RO         1399    .text               c_w.l(use_no_semi.o)
    0x0800657e   0x0800657e   0x00000000   Code   RO         1401    .text               c_w.l(indicate_semi.o)
    0x0800657e   0x0800657e   0x0000004a   Code   RO         1402    .text               c_w.l(sys_stackheap_outer.o)
    0x080065c8   0x080065c8   0x00000012   Code   RO         1408    .text               c_w.l(exit.o)
    0x080065da   0x080065da   0x0000000a   Code   RO         1410    .text               c_w.l(defsig_exit.o)
    0x080065e4   0x080065e4   0x00000050   Code   RO         1412    .text               c_w.l(defsig_rtmem_inner.o)
    0x08006634   0x08006634   0x0000000c   Code   RO         1424    .text               c_w.l(sys_exit.o)
    0x08006640   0x08006640   0x00000032   Code   RO         1434    .text               c_w.l(defsig_general.o)
    0x08006672   0x08006672   0x0000000e   Code   RO         1452    .text               c_w.l(sys_wrch.o)
    0x08006680   0x08006680   0x00000062   Code   RO         1242    x$fpl$d2f           fz_wm.l(d2f.o)
    0x080066e2   0x080066e2   0x00000002   PAD
    0x080066e4   0x080066e4   0x00000150   Code   RO         1244    x$fpl$dadd          fz_wm.l(daddsub_clz.o)
    0x08006834   0x08006834   0x00000018   Code   RO         1395    x$fpl$dcmpinf       fz_wm.l(dcmpi.o)
    0x0800684c   0x0800684c   0x0000005e   Code   RO         1250    x$fpl$dfix          fz_wm.l(dfix.o)
    0x080068aa   0x080068aa   0x00000002   PAD
    0x080068ac   0x080068ac   0x00000078   Code   RO         1345    x$fpl$dleqf         fz_wm.l(dleqf.o)
    0x08006924   0x08006924   0x00000154   Code   RO         1254    x$fpl$dmul          fz_wm.l(dmul.o)
    0x08006a78   0x08006a78   0x0000009c   Code   RO         1347    x$fpl$dnaninf       fz_wm.l(dnaninf.o)
    0x08006b14   0x08006b14   0x0000000c   Code   RO         1349    x$fpl$dretinf       fz_wm.l(dretinf.o)
    0x08006b20   0x08006b20   0x0000006c   Code   RO         1256    x$fpl$drleqf        fz_wm.l(drleqf.o)
    0x08006b8c   0x08006b8c   0x000001d4   Code   RO         1246    x$fpl$dsub          fz_wm.l(daddsub_clz.o)
    0x08006d60   0x08006d60   0x00000056   Code   RO         1258    x$fpl$f2d           fz_wm.l(f2d.o)
    0x08006db6   0x08006db6   0x0000008c   Code   RO         1351    x$fpl$fnaninf       fz_wm.l(fnaninf.o)
    0x08006e42   0x08006e42   0x0000000a   Code   RO         1397    x$fpl$fpinit        fz_wm.l(fpinit.o)
    0x08006e4c   0x08006e4c   0x0000000a   Code   RO         1353    x$fpl$fretinf       fz_wm.l(fretinf.o)
    0x08006e56   0x08006e56   0x00000000   Code   RO         1355    x$fpl$usenofp       fz_wm.l(usenofp.o)
    0x08006e56   0x08006e56   0x00000002   PAD
    0x08006e58   0x08006e58   0x00000024   Data   RO          141    .constdata          main.o
    0x08006e7c   0x08006e7c   0x00000040   Data   RO          217    .constdata          discoveryf4utils.o
    0x08006ebc   0x08006ebc   0x00000020   Data   RO         1482    Region$$Table       anon$$obj.o


    Execution Region RW_IRAM1 (Exec base: 0x20000000, Load base: 0x08006edc, Size: 0x00013568, Max: 0x00020000, ABSOLUTE, COMPRESSED[0x00000068])

    Exec Addr    Load Addr    Size         Type   Attr      Idx    E Section Name        Object

    0x20000000   COMPRESSED   0x00000014   Data   RW           13    .data               system_stm32f4xx.o
    0x20000014   COMPRESSED   0x00000004   PAD
    0x20000018   COMPRESSED   0x000000b0   Data   RW          142    .data               main.o
    0x200000c8   COMPRESSED   0x00000024   Data   RW          218    .data               discoveryf4utils.o
    0x200000ec   COMPRESSED   0x00000038   Data   RW          390    .data               tasks.o
    0x20000124   COMPRESSED   0x00000010   Data   RW          417    .data               timers.o
    0x20000134   COMPRESSED   0x0000000c   Data   RW          440    .data               port.o
    0x20000140   COMPRESSED   0x00000018   Data   RW          466    .data               heap_2.o
    0x20000158   COMPRESSED   0x00000010   Data   RW          974    .data               stm32f4xx_rcc.o
    0x20000168        -       0x00000050   Zero   RW          140    .bss                main.o
    0x200001b8        -       0x00000020   Zero   RW          264    .bss                codec.o
    0x200001d8        -       0x00000040   Zero   RW          363    .bss                queue.o
    0x20000218        -       0x000000c8   Zero   RW          389    .bss                tasks.o
    0x200002e0        -       0x00000028   Zero   RW          416    .bss                timers.o
    0x20000308        -       0x00012c00   Zero   RW          465    .bss                heap_2.o
    0x20012f08        -       0x00000060   Zero   RW         1359    .bss                c_w.l(libspace.o)
    0x20012f68        -       0x00000200   Zero   RW            2    HEAP                startup_stm32f4xx.o
    0x20013168        -       0x00000400   Zero   RW            1    STACK               startup_stm32f4xx.o


==============================================================================

Image component sizes


      Code (inc. data)   RO Data    RW Data    ZI Data      Debug   Object Name

      1044         52          0          0         32       2309   codec.o
       552         88         64         36          0       3873   discoveryf4utils.o
         0          0          0          0          0       2416   event_groups.o
       292         26          0         24      76800       3304   heap_2.o
       148          0          0          0          0       1962   list.o
      4024        572         36        176         80      26406   main.o
       224         20          0          0          0       2001   misc.o
       742         50          0         12          0       5518   port.o
      2264          4          0          0         64      11995   queue.o
        64         26        392          0       1536        880   startup_stm32f4xx.o
       272         10          0          0          0       2471   stm32f4xx_exti.o
       660         44          0          0          0       4337   stm32f4xx_gpio.o
      1110         26          0          0          0       8859   stm32f4xx_i2c.o
        20          0          0          0          0        979   stm32f4xx_it.o
      1588         52          0         16          0      13114   stm32f4xx_rcc.o
      1102         32          0          0          0       7109   stm32f4xx_spi.o
       148         12          0          0          0       1921   stm32f4xx_syscfg.o
      3234         60          0          0          0      23196   stm32f4xx_tim.o
      1108         34          0          0          0       8064   stm32f4xx_usart.o
       528         46          0         20          0     302031   system_stm32f4xx.o
      4296        242          0         56        200      17928   tasks.o
      1106         56          0         16         40       6496   timers.o

    ----------------------------------------------------------------------
     24536       1452        524        360      78752     457169   Object Totals
         0          0         32          0          0          0   (incl. Generated)
        10          0          0          4          0          0   (incl. Padding)

    ----------------------------------------------------------------------

      Code (inc. data)   RO Data    RW Data    ZI Data      Debug   Library Member Name

        90          0          0          0          0          0   __dczerorl2.o
         8          0          0          0          0         68   __main.o
         0          0          0          0          0          0   __rtentry.o
        12          0          0          0          0          0   __rtentry2.o
         6          0          0          0          0          0   __rtentry4.o
        52          8          0          0          0          0   __scatter.o
        28          0          0          0          0          0   __scatter_zi.o
        16          0          0          0          0         68   aeabi_memset.o
        10          0          0          0          0         68   defsig_exit.o
        50          0          0          0          0         88   defsig_general.o
        80         58          0          0          0         76   defsig_rtmem_inner.o
        14          0          0          0          0         80   defsig_rtmem_outer.o
        18          0          0          0          0         80   exit.o
        94          0          0          0          0         80   h1_alloc.o
        52          0          0          0          0         68   h1_extend.o
        78          0          0          0          0         80   h1_free.o
        14          0          0          0          0         84   h1_init.o
         6          0          0          0          0        152   heapauxi.o
         4          0          0          0          0        136   hguard.o
         0          0          0          0          0          0   indicate_semi.o
       138          0          0          0          0        168   init_alloc.o
         2          0          0          0          0          0   libinit.o
        14          0          0          0          0          0   libinit2.o
         2          0          0          0          0          0   libshutdown.o
         2          0          0          0          0          0   libshutdown2.o
         8          4          0          0         96         68   libspace.o
         0          0          0          0          0          0   maybetermalloc1.o
         8          4          0          0          0         68   rt_heap_descriptor_intlibspace.o
        68          0          0          0          0         68   rt_memclr.o
        78          0          0          0          0         80   rt_memclr_w.o
       138          0          0          0          0         68   rt_memcpy_v6.o
       100          0          0          0          0         80   rt_memcpy_w.o
         2          0          0          0          0          0   rtexit.o
        10          0          0          0          0          0   rtexit2.o
        12          4          0          0          0         68   sys_exit.o
        74          0          0          0          0         80   sys_stackheap_outer.o
        14          0          0          0          0         76   sys_wrch.o
         2          0          0          0          0         68   use_no_semi.o
        98          4          0          0          0        140   d2f.o
       804         16          0          0          0        368   daddsub_clz.o
        24          0          0          0          0        116   dcmpi.o
        94          4          0          0          0        140   dfix.o
       120          4          0          0          0        140   dleqf.o
       340         12          0          0          0        152   dmul.o
       156          4          0          0          0        140   dnaninf.o
        12          0          0          0          0        116   dretinf.o
       108          0          0          0          0        128   drleqf.o
        86          4          0          0          0        132   f2d.o
       140          4          0          0          0        132   fnaninf.o
        10          0          0          0          0        116   fpinit.o
        10          0          0          0          0        116   fretinf.o
         0          0          0          0          0          0   usenofp.o

    ----------------------------------------------------------------------
      3320        130          0          0         96       3956   Library Totals
        14          0          0          0          0          0   (incl. Padding)

    ----------------------------------------------------------------------

      Code (inc. data)   RO Data    RW Data    ZI Data      Debug   Library Name

      1304         78          0          0         96       2020   c_w.l
      2002         52          0          0          0       1936   fz_wm.l

    ----------------------------------------------------------------------
      3320        130          0          0         96       3956   Library Totals

    ----------------------------------------------------------------------

==============================================================================


      Code (inc. data)   RO Data    RW Data    ZI Data      Debug   

     27856       1582        524        360      78848     453333   Grand Totals
     27856       1582        524        104      78848     453333   ELF Image Totals (compressed)
     27856       1582        524        104          0          0   ROM Totals

==============================================================================

    Total RO  Size (Code + RO Data)                28380 (  27.71kB)
    Total RW  Size (RW Data + ZI Data)             79208 (  77.35kB)
    Total ROM Size (Code + RO Data + RW Data)      28484 (  27.82kB)

==============================================================================

